Archive member included to satisfy reference by file (symbol)

app/libapp.a(main.c.obj)      (--whole-archive)
zephyr/libzephyr.a(cbprintf_packaged.c.obj)
                              (--whole-archive)
zephyr/libzephyr.a(dec.c.obj)
                              (--whole-archive)
zephyr/libzephyr.a(fdtable.c.obj)
                              (--whole-archive)
zephyr/libzephyr.a(hex.c.obj)
                              (--whole-archive)
zephyr/libzephyr.a(printk.c.obj)
                              (--whole-archive)
zephyr/libzephyr.a(rb.c.obj)  (--whole-archive)
zephyr/libzephyr.a(sem.c.obj)
                              (--whole-archive)
zephyr/libzephyr.a(thread_entry.c.obj)
                              (--whole-archive)
zephyr/libzephyr.a(timeutil.c.obj)
                              (--whole-archive)
zephyr/libzephyr.a(heap.c.obj)
                              (--whole-archive)
zephyr/libzephyr.a(heap-validate.c.obj)
                              (--whole-archive)
zephyr/libzephyr.a(bitarray.c.obj)
                              (--whole-archive)
zephyr/libzephyr.a(multi_heap.c.obj)
                              (--whole-archive)
zephyr/libzephyr.a(crc32c_sw.c.obj)
                              (--whole-archive)
zephyr/libzephyr.a(crc32_sw.c.obj)
                              (--whole-archive)
zephyr/libzephyr.a(crc16_sw.c.obj)
                              (--whole-archive)
zephyr/libzephyr.a(crc8_sw.c.obj)
                              (--whole-archive)
zephyr/libzephyr.a(crc7_sw.c.obj)
                              (--whole-archive)
zephyr/libzephyr.a(cbprintf_complete.c.obj)
                              (--whole-archive)
zephyr/libzephyr.a(cbprintf.c.obj)
                              (--whole-archive)
zephyr/libzephyr.a(assert.c.obj)
                              (--whole-archive)
zephyr/libzephyr.a(configs.c.obj)
                              (--whole-archive)
zephyr/libzephyr.a(tracing_none.c.obj)
                              (--whole-archive)
zephyr/arch/common/libarch__common.a(sw_isr_common.c.obj)
                              (--whole-archive)
zephyr/arch/arch/arm/core/aarch32/libarch__arm__core__aarch32.a(cpu_idle.S.obj)
                              (--whole-archive)
zephyr/arch/arch/arm/core/aarch32/libarch__arm__core__aarch32.a(fatal.c.obj)
                              (--whole-archive)
zephyr/arch/arch/arm/core/aarch32/libarch__arm__core__aarch32.a(irq_manage.c.obj)
                              (--whole-archive)
zephyr/arch/arch/arm/core/aarch32/libarch__arm__core__aarch32.a(nmi.c.obj)
                              (--whole-archive)
zephyr/arch/arch/arm/core/aarch32/libarch__arm__core__aarch32.a(nmi_on_reset.S.obj)
                              (--whole-archive)
zephyr/arch/arch/arm/core/aarch32/libarch__arm__core__aarch32.a(prep_c.c.obj)
                              (--whole-archive)
zephyr/arch/arch/arm/core/aarch32/libarch__arm__core__aarch32.a(swap.c.obj)
                              (--whole-archive)
zephyr/arch/arch/arm/core/aarch32/libarch__arm__core__aarch32.a(swap_helper.S.obj)
                              (--whole-archive)
zephyr/arch/arch/arm/core/aarch32/libarch__arm__core__aarch32.a(thread.c.obj)
                              (--whole-archive)
zephyr/arch/arch/arm/core/aarch32/libarch__arm__core__aarch32.a(isr_wrapper.S.obj)
                              (--whole-archive)
zephyr/arch/arch/arm/core/aarch32/cortex_m/libarch__arm__core__aarch32__cortex_m.a(exc_exit.S.obj)
                              (--whole-archive)
zephyr/arch/arch/arm/core/aarch32/cortex_m/libarch__arm__core__aarch32__cortex_m.a(fault.c.obj)
                              (--whole-archive)
zephyr/arch/arch/arm/core/aarch32/cortex_m/libarch__arm__core__aarch32__cortex_m.a(fault_s.S.obj)
                              (--whole-archive)
zephyr/arch/arch/arm/core/aarch32/cortex_m/libarch__arm__core__aarch32__cortex_m.a(fpu.c.obj)
                              (--whole-archive)
zephyr/arch/arch/arm/core/aarch32/cortex_m/libarch__arm__core__aarch32__cortex_m.a(irq_init.c.obj)
                              (--whole-archive)
zephyr/arch/arch/arm/core/aarch32/cortex_m/libarch__arm__core__aarch32__cortex_m.a(reset.S.obj)
                              (--whole-archive)
zephyr/arch/arch/arm/core/aarch32/cortex_m/libarch__arm__core__aarch32__cortex_m.a(scb.c.obj)
                              (--whole-archive)
zephyr/arch/arch/arm/core/aarch32/cortex_m/libarch__arm__core__aarch32__cortex_m.a(thread_abort.c.obj)
                              (--whole-archive)
zephyr/arch/arch/arm/core/aarch32/cortex_m/libarch__arm__core__aarch32__cortex_m.a(vector_table.S.obj)
                              (--whole-archive)
zephyr/arch/arch/arm/core/aarch32/mpu/libarch__arm__core__aarch32__mpu.a(arm_core_mpu.c.obj)
                              (--whole-archive)
[...]
Memory Configuration

Name             Origin             Length             Attributes
BOOT_FLASH       0x0000000010000000 0x0000000000000100 r
FLASH            0x0000000010000100 0x00000000001fff00 xr
RAM              0x0000000020000000 0x0000000000042000 xw
IDT_LIST         0x00000000fffff7ff 0x0000000000000800 xw
*default*        0x0000000000000000 0xffffffffffffffff

Linker script and memory map

LOAD zephyr/CMakeFiles/zephyr_pre0.dir/misc/empty_file.c.obj
LOAD zephyr/CMakeFiles/offsets.dir/./arch/arm/core/offsets/offsets.c.obj

.boot2          0x0000000010000000      0x100
 *(SORT_BY_ALIGNMENT(.boot2))
 .boot2         0x0000000010000000      0x100 modules/hal_rpi_pico/libmodules__hal_rpi_pico.a(boot_stage2.S.obj)
                0x0000000000000100                _region_min_align = 0x100

.rel.plt        0x0000000010000100        0x0
 *(SORT_BY_ALIGNMENT(.rel.plt))
                [!provide]                        PROVIDE (__rel_iplt_start = .)
 *(SORT_BY_ALIGNMENT(.rel.iplt))
 .rel.iplt      0x0000000010000100        0x0 app/libapp.a(main.c.obj)
                [!provide]                        PROVIDE (__rel_iplt_end = .)

.rela.plt       0x0000000010000100        0x0
 *(SORT_BY_ALIGNMENT(.rela.plt))
                [!provide]                        PROVIDE (__rela_iplt_start = .)
 *(SORT_BY_ALIGNMENT(.rela.iplt))
                [!provide]                        PROVIDE (__rela_iplt_end = .)

.rel.dyn
 *(SORT_BY_ALIGNMENT(.rel.*))

.rela.dyn
 *(SORT_BY_ALIGNMENT(.rela.*))

/DISCARD/
 *(SORT_BY_ALIGNMENT(.plt))

/DISCARD/
 *(SORT_BY_ALIGNMENT(.iplt))
                0x0000000010000100                __rom_region_start = 0x10000100

rom_start       0x0000000010000100       0xa8
                0x0000000000000000                . = 0x0
                0x0000000000000000                . = ALIGN (0x4)
                0x0000000000000000                . = ALIGN (0x100)
                0x0000000000000000                . = ALIGN (0x100)
                0x0000000010000100                _vector_start = .
 *(SORT_BY_ALIGNMENT(.exc_vector_table))
 *(SORT_BY_ALIGNMENT(.exc_vector_table.*))
 .exc_vector_table._vector_table_section
                0x0000000010000100       0x40 zephyr/arch/arch/arm/core/aarch32/cortex_m/libarch__arm__core__aarch32__cortex_m.a(vector_table.S.obj)
                0x0000000010000100                _vector_table
 *(SORT_BY_ALIGNMENT(.vectors))
                0x00000000100001a8                _vector_end = .
                0x0000000010000140                . = ALIGN (0x4)
 *(SORT_BY_ALIGNMENT(.gnu.linkonce.irq_vector_table*))
 .gnu.linkonce.irq_vector_table
                0x0000000010000140       0x68 zephyr/arch/common/libisr_tables.a(isr_tables.c.obj)
                0x0000000010000140                _irq_vector_table
                0x00000000100001a8                _vector_end = .

text            0x00000000100001a8     0x6a80
                0x00000000100001a8                __text_region_start = .
 *(SORT_BY_ALIGNMENT(.text))
 .text          0x00000000100001a8       0x8c d:/uppsala/zephyrprojects/zephyr-sdk-0.15.2/arm-zephyr-eabi/bin/../lib/gcc/arm-zephyr-eabi/12.1.0/thumb/v6-m/nofp\libgcc.a(_udivsi3.o)
                0x00000000100001a8                __aeabi_uidiv
                0x00000000100001a8                __udivsi3
                0x0000000010000220                __aeabi_uidivmod
 .text          0x0000000010000234       0xa8 d:/uppsala/zephyrprojects/zephyr-sdk-0.15.2/arm-zephyr-eabi/bin/../lib/gcc/arm-zephyr-eabi/12.1.0/thumb/v6-m/nofp\libgcc.a(_divsi3.o)
                0x0000000010000234                __divsi3
                0x0000000010000234                __aeabi_idiv
                0x00000000100002c8                __aeabi_idivmod
 .text          0x00000000100002dc        0x4 d:/uppsala/zephyrprojects/zephyr-sdk-0.15.2/arm-zephyr-eabi/bin/../lib/gcc/arm-zephyr-eabi/12.1.0/thumb/v6-m/nofp\libgcc.a(_dvmd_tls.o)
                0x00000000100002dc                __aeabi_idiv0
                0x00000000100002dc                __aeabi_ldiv0
 .text          0x00000000100002e0       0x3c d:/uppsala/zephyrprojects/zephyr-sdk-0.15.2/arm-zephyr-eabi/bin/../lib/gcc/arm-zephyr-eabi/12.1.0/thumb/v6-m/nofp\libgcc.a(_clzsi2.o)
                0x00000000100002e0                __clzsi2
 .text          0x000000001000031c       0x40 d:/uppsala/zephyrprojects/zephyr-sdk-0.15.2/arm-zephyr-eabi/bin/../lib/gcc/arm-zephyr-eabi/12.1.0/thumb/v6-m/nofp\libgcc.a(_aeabi_uldivmod.o)
                0x000000001000031c                __aeabi_uldivmod
 .text          0x000000001000035c       0x18 d:/uppsala/zephyrprojects/zephyr-sdk-0.15.2/arm-zephyr-eabi/bin/../lib/gcc/arm-zephyr-eabi/12.1.0/thumb/v6-m/nofp\libgcc.a(_lshrdi3.o)
                0x000000001000035c                __lshrdi3
                0x000000001000035c                __aeabi_llsr
 .text          0x0000000010000374       0x18 d:/uppsala/zephyrprojects/zephyr-sdk-0.15.2/arm-zephyr-eabi/bin/../lib/gcc/arm-zephyr-eabi/12.1.0/thumb/v6-m/nofp\libgcc.a(_ashldi3.o)
                0x0000000010000374                __aeabi_llsl
                0x0000000010000374                __ashldi3
 .text          0x000000001000038c       0x18 d:/uppsala/zephyrprojects/zephyr-sdk-0.15.2/arm-zephyr-eabi/bin/../lib/gcc/arm-zephyr-eabi/12.1.0/thumb/v6-m/nofp\libgcc.a(_clzdi2.o)
                0x000000001000038c                __clzdi2
 .text          0x00000000100003a4       0xde d:/uppsala/zephyrprojects/zephyr-sdk-0.15.2/arm-zephyr-eabi/bin/../lib/gcc/arm-zephyr-eabi/12.1.0/thumb/v6-m/nofp\libgcc.a(_udivmoddi4.o)
                0x00000000100003a4                __udivmoddi4
 *(SORT_BY_ALIGNMENT(.text.*))
 *fill*         0x0000000010000482        0x2 
 .text.z_impl_gpio_pin_configure
                0x0000000010000484       0x48 app/libapp.a(main.c.obj)
 .text.response_isr
                0x00000000100004cc       0x10 app/libapp.a(main.c.obj)
                0x00000000100004cc                response_isr
 .text.main_task
                0x00000000100004dc       0xfc app/libapp.a(main.c.obj)
                0x00000000100004dc                main_task
 .text.led_task
                0x00000000100005d8       0x50 app/libapp.a(main.c.obj)
                0x00000000100005d8                led_task
 .text.trigger_task
                0x0000000010000628       0x70 app/libapp.a(main.c.obj)
                0x0000000010000628                trigger_task
 .text.char_out
                0x0000000010000698       0x10 zephyr/libzephyr.a(printk.c.obj)
 .text.__printk_hook_install
                0x00000000100006a8        0xc zephyr/libzephyr.a(printk.c.obj)
                0x00000000100006a8                __printk_hook_install
 .text.vprintk  0x00000000100006b4       0x1c zephyr/libzephyr.a(printk.c.obj)
                0x00000000100006b4                vprintk
 .text.extract_decimal
                0x00000000100006d0       0x28 zephyr/libzephyr.a(cbprintf_complete.c.obj)
 .text.extract_flags
                0x00000000100006f8       0x74 zephyr/libzephyr.a(cbprintf_complete.c.obj)
 .text.extract_length
                0x000000001000076c       0xbc zephyr/libzephyr.a(cbprintf_complete.c.obj)
 .text.extract_specifier
                0x0000000010000828      0x120 zephyr/libzephyr.a(cbprintf_complete.c.obj)
 .text.encode_uint
                0x0000000010000948       0xc0 zephyr/libzephyr.a(cbprintf_complete.c.obj)
 .text.store_count
                0x0000000010000a08       0x40 zephyr/libzephyr.a(cbprintf_complete.c.obj)
 .text.z_cbvprintf_impl
                0x0000000010000a48      0x508 zephyr/libzephyr.a(cbprintf_complete.c.obj)
                0x0000000010000a48                z_cbvprintf_impl
 .text.z_arm_cpu_idle_init
                0x0000000010000f50        0xc zephyr/arch/arch/arm/core/aarch32/libarch__arm__core__aarch32.a(cpu_idle.S.obj)
                0x0000000010000f50                z_arm_cpu_idle_init
 .text.arch_cpu_idle
                0x0000000010000f5c       0x10 zephyr/arch/arch/arm/core/aarch32/libarch__arm__core__aarch32.a(cpu_idle.S.obj)
                0x0000000010000f5c                arch_cpu_idle
 .text.__NVIC_SetPriority
                0x0000000010000f6c       0x60 zephyr/arch/arch/arm/core/aarch32/libarch__arm__core__aarch32.a(irq_manage.c.obj)
 .text.arch_irq_enable
                0x0000000010000fcc       0x18 zephyr/arch/arch/arm/core/aarch32/libarch__arm__core__aarch32.a(irq_manage.c.obj)
                0x0000000010000fcc                arch_irq_enable
 .text.z_SysNmiOnReset
                0x0000000010000fe4        0x4 zephyr/arch/arch/arm/core/aarch32/libarch__arm__core__aarch32.a(nmi_on_reset.S.obj)
                0x0000000010000fe4                z_SysNmiOnReset
 .text.z_arm_prep_c
                0x0000000010000fe8       0x2c zephyr/arch/arch/arm/core/aarch32/libarch__arm__core__aarch32.a(prep_c.c.obj)
                0x0000000010000fe8                z_arm_prep_c
 .text.arch_swap
                0x0000000010001014       0x30 zephyr/arch/arch/arm/core/aarch32/libarch__arm__core__aarch32.a(swap.c.obj)
                0x0000000010001014                arch_swap
 .text.z_arm_pendsv
                0x0000000010001044       0x60 zephyr/arch/arch/arm/core/aarch32/libarch__arm__core__aarch32.a(swap_helper.S.obj)
                0x0000000010001044                z_arm_pendsv
 .text.z_arm_svc
                0x00000000100010a4       0x24 zephyr/arch/arch/arm/core/aarch32/libarch__arm__core__aarch32.a(swap_helper.S.obj)
                0x00000000100010a4                z_arm_svc
 .text.arch_new_thread
                0x00000000100010c8       0x30 zephyr/arch/arch/arm/core/aarch32/libarch__arm__core__aarch32.a(thread.c.obj)
                0x00000000100010c8                arch_new_thread
 .text.arch_switch_to_main_thread
                0x00000000100010f8       0x20 zephyr/arch/arch/arm/core/aarch32/libarch__arm__core__aarch32.a(thread.c.obj)
                0x00000000100010f8                arch_switch_to_main_thread
 .text._isr_wrapper
                0x0000000010001118       0x28 zephyr/arch/arch/arm/core/aarch32/libarch__arm__core__aarch32.a(isr_wrapper.S.obj)
                0x0000000010001118                _isr_wrapper
 .text._HandlerModeExit
                0x0000000010001140       0x20 zephyr/arch/arch/arm/core/aarch32/cortex_m/libarch__arm__core__aarch32__cortex_m.a(exc_exit.S.obj)
                0x0000000010001140                z_arm_int_exit
                0x0000000010001140                z_arm_exc_exit
 .text.hard_fault
                0x0000000010001160       0x28 zephyr/arch/arch/arm/core/aarch32/cortex_m/libarch__arm__core__aarch32__cortex_m.a(fault.c.obj)
 .text.z_arm_fault
                0x0000000010001188       0x90 zephyr/arch/arch/arm/core/aarch32/cortex_m/libarch__arm__core__aarch32__cortex_m.a(fault.c.obj)
                0x0000000010001188                z_arm_fault
 .text.__fault  0x0000000010001218       0x14 zephyr/arch/arch/arm/core/aarch32/cortex_m/libarch__arm__core__aarch32__cortex_m.a(fault_s.S.obj)
                0x0000000010001218                z_arm_hard_fault
                0x0000000010001218                z_arm_exc_spurious
 .text.__NVIC_SetPriority
                0x000000001000122c       0x60 zephyr/arch/arch/arm/core/aarch32/cortex_m/libarch__arm__core__aarch32__cortex_m.a(irq_init.c.obj)
 .text._reset_section
                0x000000001000128c       0x28 zephyr/arch/arch/arm/core/aarch32/cortex_m/libarch__arm__core__aarch32__cortex_m.a(reset.S.obj)
                0x000000001000128c                __start
                0x000000001000128c                z_arm_reset
 .text.z_impl_k_thread_abort
                0x00000000100012b4       0x3c zephyr/arch/arch/arm/core/aarch32/cortex_m/libarch__arm__core__aarch32__cortex_m.a(thread_abort.c.obj)
                0x00000000100012b4                z_impl_k_thread_abort
 .text.z_arm_configure_static_mpu_regions
                0x00000000100012f0       0x1c zephyr/arch/arch/arm/core/aarch32/mpu/libarch__arm__core__aarch32__mpu.a(arm_core_mpu.c.obj)
                0x00000000100012f0                z_arm_configure_static_mpu_regions
 .text.region_init
                0x000000001000130c       0x24 zephyr/arch/arch/arm/core/aarch32/mpu/libarch__arm__core__aarch32__mpu.a(arm_mpu.c.obj)
 .text.mpu_configure_static_mpu_regions
                0x0000000010001330       0x14 zephyr/arch/arch/arm/core/aarch32/mpu/libarch__arm__core__aarch32__mpu.a(arm_mpu.c.obj)
 .text.arm_core_mpu_enable
                0x0000000010001344       0x14 zephyr/arch/arch/arm/core/aarch32/mpu/libarch__arm__core__aarch32__mpu.a(arm_mpu.c.obj)
                0x0000000010001344                arm_core_mpu_enable
 .text.arm_core_mpu_disable
                0x0000000010001358       0x10 zephyr/arch/arch/arm/core/aarch32/mpu/libarch__arm__core__aarch32__mpu.a(arm_mpu.c.obj)
                0x0000000010001358                arm_core_mpu_disable
 .text.z_arm_mpu_init
                0x0000000010001368       0x44 zephyr/arch/arch/arm/core/aarch32/mpu/libarch__arm__core__aarch32__mpu.a(arm_mpu.c.obj)
                0x0000000010001368                z_arm_mpu_init
 .text.__stdout_hook_install
                0x00000000100013ac        0xc zephyr/lib/libc/newlib/liblib__libc__newlib.a(libc-hooks.c.obj)
                0x00000000100013ac                __stdout_hook_install
 .text.z_impl_zephyr_read_stdin
                0x00000000100013b8       0x2c zephyr/lib/libc/newlib/liblib__libc__newlib.a(libc-hooks.c.obj)
                0x00000000100013b8                z_impl_zephyr_read_stdin
 .text.z_impl_zephyr_write_stdout
                0x00000000100013e4       0x34 zephyr/lib/libc/newlib/liblib__libc__newlib.a(libc-hooks.c.obj)
                0x00000000100013e4                z_impl_zephyr_write_stdout
 .text._exit    0x0000000010001418       0x14 zephyr/lib/libc/newlib/liblib__libc__newlib.a(libc-hooks.c.obj)
                0x0000000010001418                _exit
 .text._sbrk    0x000000001000142c       0x2c zephyr/lib/libc/newlib/liblib__libc__newlib.a(libc-hooks.c.obj)
                0x000000001000142c                sbrk
                0x000000001000142c                _sbrk
 .text.rp2040_init
                0x0000000010001458       0x58 zephyr/soc/arm/rpi_pico/rp2/libsoc__arm__rpi_pico__rp2.a(soc.c.obj)
 .text.console_out
                0x00000000100014b0       0x28 zephyr/drivers/console/libdrivers__console.a(uart_console.c.obj)
 .text.uart_console_hook_install
                0x00000000100014d8       0x18 zephyr/drivers/console/libdrivers__console.a(uart_console.c.obj)
 .text.uart_console_init
                0x00000000100014f0       0x20 zephyr/drivers/console/libdrivers__console.a(uart_console.c.obj)
 .text.gpio_rpi_isr
                0x0000000010001510       0x44 zephyr/drivers/gpio/libdrivers__gpio.a(gpio_rpi_pico.c.obj)
 .text.i2c_map_dt_bitrate
                0x0000000010001554       0x50 zephyr/drivers/i2c/libdrivers__i2c.a(i2c_dw.c.obj)
 .text.i2c_dw_setup
                0x00000000100015a4       0xd4 zephyr/drivers/i2c/libdrivers__i2c.a(i2c_dw.c.obj)
 .text.i2c_dw_set_slave_mode
                0x0000000010001678       0x40 zephyr/drivers/i2c/libdrivers__i2c.a(i2c_dw.c.obj)
 .text.i2c_dw_slave_register
                0x00000000100016b8       0x1c zephyr/drivers/i2c/libdrivers__i2c.a(i2c_dw.c.obj)
 .text.i2c_dw_transfer
                0x00000000100016d4      0x124 zephyr/drivers/i2c/libdrivers__i2c.a(i2c_dw.c.obj)
 .text.i2c_dw_initialize
                0x00000000100017f8       0x88 zephyr/drivers/i2c/libdrivers__i2c.a(i2c_dw.c.obj)
 .text.uart_rpi_irq_err_disable
                0x0000000010001880       0x14 zephyr/drivers/serial/libdrivers__serial.a(uart_rpi_pico.c.obj)
 .text.elapsed  0x0000000010001894       0x3c zephyr/drivers/timer/libdrivers__timer.a(cortex_m_systick.c.obj)
 .text.sys_clock_driver_init
                0x00000000100018d0       0x3c zephyr/drivers/timer/libdrivers__timer.a(cortex_m_systick.c.obj)
 .text.sys_clock_isr
                0x000000001000190c       0x44 zephyr/drivers/timer/libdrivers__timer.a(cortex_m_systick.c.obj)
                0x000000001000190c                sys_clock_isr
 .text.sys_clock_set_timeout
                0x0000000010001950      0x120 zephyr/drivers/timer/libdrivers__timer.a(cortex_m_systick.c.obj)
                0x0000000010001950                sys_clock_set_timeout
 .text.sys_clock_elapsed
                0x0000000010001a70       0x38 zephyr/drivers/timer/libdrivers__timer.a(cortex_m_systick.c.obj)
                0x0000000010001a70                sys_clock_elapsed
 .text.clock_configure
                0x0000000010001aa8      0x104 modules/hal_rpi_pico/libmodules__hal_rpi_pico.a(clocks.c.obj)
                0x0000000010001aa8                clock_configure
 .text.clocks_init
                0x0000000010001bac      0x100 modules/hal_rpi_pico/libmodules__hal_rpi_pico.a(clocks.c.obj)
                0x0000000010001bac                clocks_init
 .text.clock_get_hz
                0x0000000010001cac        0xc modules/hal_rpi_pico/libmodules__hal_rpi_pico.a(clocks.c.obj)
                0x0000000010001cac                clock_get_hz
 .text.pll_init
                0x0000000010001cb8      0x118 modules/hal_rpi_pico/libmodules__hal_rpi_pico.a(pll.c.obj)
                0x0000000010001cb8                pll_init
 .text.xosc_init
                0x0000000010001dd0       0x28 modules/hal_rpi_pico/libmodules__hal_rpi_pico.a(xosc.c.obj)
                0x0000000010001dd0                xosc_init
 .text.watchdog_start_tick
                0x0000000010001df8       0x10 modules/hal_rpi_pico/libmodules__hal_rpi_pico.a(watchdog.c.obj)
                0x0000000010001df8                watchdog_start_tick
 .text.running_on_fpga
                0x0000000010001e08       0x14 modules/hal_rpi_pico/libmodules__hal_rpi_pico.a(platform.c.obj)
                0x0000000010001e08                running_on_fpga
 .text.gpio_set_function
                0x0000000010001e1c       0x30 modules/hal_rpi_pico/libmodules__hal_rpi_pico.a(gpio.c.obj)
                0x0000000010001e1c                gpio_set_function
 .text.gpio_set_pulls
                0x0000000010001e4c       0x34 modules/hal_rpi_pico/libmodules__hal_rpi_pico.a(gpio.c.obj)
                0x0000000010001e4c                gpio_set_pulls
 .text.gpio_set_input_hysteresis_enabled
                0x0000000010001e80       0x30 modules/hal_rpi_pico/libmodules__hal_rpi_pico.a(gpio.c.obj)
                0x0000000010001e80                gpio_set_input_hysteresis_enabled
 .text.gpio_set_slew_rate
                0x0000000010001eb0       0x20 modules/hal_rpi_pico/libmodules__hal_rpi_pico.a(gpio.c.obj)
                0x0000000010001eb0                gpio_set_slew_rate
 .text.gpio_set_drive_strength
                0x0000000010001ed0       0x20 modules/hal_rpi_pico/libmodules__hal_rpi_pico.a(gpio.c.obj)
                0x0000000010001ed0                gpio_set_drive_strength
 .text.gpio_acknowledge_irq
                0x0000000010001ef0       0x18 modules/hal_rpi_pico/libmodules__hal_rpi_pico.a(gpio.c.obj)
                0x0000000010001ef0                gpio_acknowledge_irq
 .text.gpio_set_irq_enabled
                0x0000000010001f08       0x20 modules/hal_rpi_pico/libmodules__hal_rpi_pico.a(gpio.c.obj)
                0x0000000010001f08                gpio_set_irq_enabled
 .text.gpio_set_input_enabled
                0x0000000010001f28       0x30 modules/hal_rpi_pico/libmodules__hal_rpi_pico.a(gpio.c.obj)
                0x0000000010001f28                gpio_set_input_enabled
 .text.uart_set_baudrate
                0x0000000010001f58       0x5c modules/hal_rpi_pico/libmodules__hal_rpi_pico.a(uart.c.obj)
                0x0000000010001f58                uart_set_baudrate
 .text.uart_set_translate_crlf
                0x0000000010001fb4       0x28 modules/hal_rpi_pico/libmodules__hal_rpi_pico.a(uart.c.obj)
                0x0000000010001fb4                uart_set_translate_crlf
 .text.uart_init
                0x0000000010001fdc       0x80 modules/hal_rpi_pico/libmodules__hal_rpi_pico.a(uart.c.obj)
                0x0000000010001fdc                uart_init
 .text.z_device_state_init
                0x000000001000205c       0x18 zephyr/kernel/libkernel.a(device.c.obj)
                0x000000001000205c                z_device_state_init
 .text.z_sys_init_run_level
                0x0000000010002074       0x4c zephyr/kernel/libkernel.a(init.c.obj)
 .text.init_idle_thread
                0x00000000100020c0       0x54 zephyr/kernel/libkernel.a(init.c.obj)
 .text.bg_thread_main
                0x0000000010002114       0x34 zephyr/kernel/libkernel.a(init.c.obj)
 .text.switch_to_main_thread
                0x0000000010002148       0x18 zephyr/kernel/libkernel.a(init.c.obj)
 .text.z_bss_zero
                0x0000000010002160       0x18 zephyr/kernel/libkernel.a(init.c.obj)
                0x0000000010002160                z_bss_zero
 .text.z_init_cpu
                0x0000000010002178       0x40 zephyr/kernel/libkernel.a(init.c.obj)
                0x0000000010002178                z_init_cpu
 .text.prepare_multithreading
                0x00000000100021b8       0x60 zephyr/kernel/libkernel.a(init.c.obj)
 .text.z_cstart
                0x0000000010002218       0x6c zephyr/kernel/libkernel.a(init.c.obj)
                0x0000000010002218                z_cstart
 .text.schedule_new_thread
                0x0000000010002284       0x1c zephyr/kernel/libkernel.a(thread.c.obj)
 .text.z_setup_new_thread
                0x00000000100022a0       0x60 zephyr/kernel/libkernel.a(thread.c.obj)
                0x00000000100022a0                z_setup_new_thread
 .text.z_init_static_threads
                0x0000000010002300       0x88 zephyr/kernel/libkernel.a(thread.c.obj)
                0x0000000010002300                z_init_static_threads
 .text.z_impl_k_mutex_lock
                0x0000000010002388      0x108 zephyr/kernel/libkernel.a(mutex.c.obj)
                0x0000000010002388                z_impl_k_mutex_lock
 .text.z_impl_k_mutex_unlock
                0x0000000010002490       0x78 zephyr/kernel/libkernel.a(mutex.c.obj)
                0x0000000010002490                z_impl_k_mutex_unlock
 .text.z_impl_k_sem_give
                0x0000000010002508       0x3c zephyr/kernel/libkernel.a(sem.c.obj)
                0x0000000010002508                z_impl_k_sem_give
 .text.z_impl_k_sem_take
                0x0000000010002544       0x50 zephyr/kernel/libkernel.a(sem.c.obj)
                0x0000000010002544                z_impl_k_sem_take
 .text.sliceable
                0x0000000010002594       0x3c zephyr/kernel/libkernel.a(sched.c.obj)
 .text.add_thread_timeout
                0x00000000100025d0       0x1c zephyr/kernel/libkernel.a(sched.c.obj)
 .text.z_reset_time_slice
                0x00000000100025ec       0x2c zephyr/kernel/libkernel.a(sched.c.obj)
                0x00000000100025ec                z_reset_time_slice
 .text.k_sched_time_slice_set
                0x0000000010002618       0x5c zephyr/kernel/libkernel.a(sched.c.obj)
                0x0000000010002618                k_sched_time_slice_set
 .text.z_reschedule
                0x0000000010002674       0x30 zephyr/kernel/libkernel.a(sched.c.obj)
                0x0000000010002674                z_reschedule
 .text.k_sched_lock
                0x00000000100026a4       0x2c zephyr/kernel/libkernel.a(sched.c.obj)
                0x00000000100026a4                k_sched_lock
 .text.update_cache
                0x00000000100026d0       0x50 zephyr/kernel/libkernel.a(sched.c.obj)
 .text.move_thread_to_end_of_prio_q
                0x0000000010002720       0x8c zephyr/kernel/libkernel.a(sched.c.obj)
 .text.slice_expired_locked
                0x00000000100027ac       0x24 zephyr/kernel/libkernel.a(sched.c.obj)
 .text.z_time_slice
                0x00000000100027d0       0x78 zephyr/kernel/libkernel.a(sched.c.obj)
                0x00000000100027d0                z_time_slice
 .text.ready_thread
                0x0000000010002848       0x7c zephyr/kernel/libkernel.a(sched.c.obj)
 .text.z_sched_start
                0x00000000100028c4       0x34 zephyr/kernel/libkernel.a(sched.c.obj)
                0x00000000100028c4                z_sched_start
 .text.unready_thread
                0x00000000100028f8       0x38 zephyr/kernel/libkernel.a(sched.c.obj)
 .text.z_pend_curr
                0x0000000010002930       0x30 zephyr/kernel/libkernel.a(sched.c.obj)
                0x0000000010002930                z_pend_curr
 .text.z_set_prio
                0x0000000010002960       0xbc zephyr/kernel/libkernel.a(sched.c.obj)
                0x0000000010002960                z_set_prio
 .text.z_impl_k_thread_suspend
                0x0000000010002a1c       0x74 zephyr/kernel/libkernel.a(sched.c.obj)
                0x0000000010002a1c                z_impl_k_thread_suspend
 .text.k_sched_unlock
                0x0000000010002a90       0x40 zephyr/kernel/libkernel.a(sched.c.obj)
                0x0000000010002a90                k_sched_unlock
 .text.end_thread
                0x0000000010002ad0       0x64 zephyr/kernel/libkernel.a(sched.c.obj)
 .text.z_sched_init
                0x0000000010002b34       0x18 zephyr/kernel/libkernel.a(sched.c.obj)
                0x0000000010002b34                z_sched_init
 .text.z_impl_k_yield
                0x0000000010002b4c       0x84 zephyr/kernel/libkernel.a(sched.c.obj)
                0x0000000010002b4c                z_impl_k_yield
 .text.z_tick_sleep
                0x0000000010002bd0       0xa0 zephyr/kernel/libkernel.a(sched.c.obj)
 .text.z_impl_k_sleep
                0x0000000010002c70       0x30 zephyr/kernel/libkernel.a(sched.c.obj)
                0x0000000010002c70                z_impl_k_sleep
 .text.z_impl_z_current_get
                0x0000000010002ca0        0xc zephyr/kernel/libkernel.a(sched.c.obj)
                0x0000000010002ca0                z_impl_z_current_get
 .text.z_thread_abort
                0x0000000010002cac       0x64 zephyr/kernel/libkernel.a(sched.c.obj)
                0x0000000010002cac                z_thread_abort
 .text.z_data_copy
                0x0000000010002d10       0x34 zephyr/kernel/libkernel.a(xip.c.obj)
                0x0000000010002d10                z_data_copy
 .text.first    0x0000000010002d44       0x14 zephyr/kernel/libkernel.a(timeout.c.obj)
 .text.next     0x0000000010002d58       0x18 zephyr/kernel/libkernel.a(timeout.c.obj)
 .text.elapsed  0x0000000010002d70       0x18 zephyr/kernel/libkernel.a(timeout.c.obj)
 .text.next_timeout
                0x0000000010002d88       0x54 zephyr/kernel/libkernel.a(timeout.c.obj)
 .text.z_add_timeout
                0x0000000010002ddc      0x11c zephyr/kernel/libkernel.a(timeout.c.obj)
                0x0000000010002ddc                z_add_timeout
 .text.sys_clock_announce
                0x0000000010002ef8       0xd4 zephyr/kernel/libkernel.a(timeout.c.obj)
                0x0000000010002ef8                sys_clock_announce
 .text.sys_clock_tick_get
                0x0000000010002fcc       0x3c zephyr/kernel/libkernel.a(timeout.c.obj)
                0x0000000010002fcc                sys_clock_tick_get
 .text.boot_banner
                0x0000000010003008       0x10 zephyr/kernel/libkernel.a(banner.c.obj)
                0x0000000010003008                boot_banner
 .text.__assert_func
                0x0000000010003018       0x40 D:/Uppsala/ZephyrProjects/zephyr-sdk-0.15.2/arm-zephyr-eabi/arm-zephyr-eabi/lib/thumb/v6-m/nofp\libc.a(lib_a-assert.o)
                0x0000000010003018                __assert_func
 .text.fiprintf
                0x0000000010003058       0x24 D:/Uppsala/ZephyrProjects/zephyr-sdk-0.15.2/arm-zephyr-eabi/arm-zephyr-eabi/lib/thumb/v6-m/nofp\libc.a(lib_a-fiprintf.o)
                0x0000000010003058                fiprintf
 .text.malloc   0x000000001000307c       0x14 D:/Uppsala/ZephyrProjects/zephyr-sdk-0.15.2/arm-zephyr-eabi/arm-zephyr-eabi/lib/thumb/v6-m/nofp\libc.a(lib_a-malloc.o)
                0x000000001000307c                malloc
 .text.free     0x0000000010003090       0x14 D:/Uppsala/ZephyrProjects/zephyr-sdk-0.15.2/arm-zephyr-eabi/arm-zephyr-eabi/lib/thumb/v6-m/nofp\libc.a(lib_a-malloc.o)
                0x0000000010003090                free
 .text._malloc_r
                0x00000000100030a4      0x548 D:/Uppsala/ZephyrProjects/zephyr-sdk-0.15.2/arm-zephyr-eabi/arm-zephyr-eabi/lib/thumb/v6-m/nofp\libc.a(lib_a-mallocr.o)
                0x00000000100030a4                _malloc_r
 .text.memcpy   0x00000000100035ec       0x90 D:/Uppsala/ZephyrProjects/zephyr-sdk-0.15.2/arm-zephyr-eabi/arm-zephyr-eabi/lib/thumb/v6-m/nofp\libc.a(lib_a-memcpy-stub.o)
                0x00000000100035ec                memcpy
 .text.memset   0x000000001000367c       0xa8 D:/Uppsala/ZephyrProjects/zephyr-sdk-0.15.2/arm-zephyr-eabi/arm-zephyr-eabi/lib/thumb/v6-m/nofp\libc.a(lib_a-memset.o)
                0x000000001000367c                memset
 .text.__malloc_lock
                0x0000000010003724       0x10 D:/Uppsala/ZephyrProjects/zephyr-sdk-0.15.2/arm-zephyr-eabi/arm-zephyr-eabi/lib/thumb/v6-m/nofp\libc.a(lib_a-mlock.o)
                0x0000000010003724                __malloc_lock
 .text.__malloc_unlock
                0x0000000010003734       0x10 D:/Uppsala/ZephyrProjects/zephyr-sdk-0.15.2/arm-zephyr-eabi/arm-zephyr-eabi/lib/thumb/v6-m/nofp\libc.a(lib_a-mlock.o)
                0x0000000010003734                __malloc_unlock
 .text._sbrk_r  0x0000000010003744       0x24 D:/Uppsala/ZephyrProjects/zephyr-sdk-0.15.2/arm-zephyr-eabi/arm-zephyr-eabi/lib/thumb/v6-m/nofp\libc.a(lib_a-sbrkr.o)
                0x0000000010003744                _sbrk_r
 .text.strlen   0x0000000010003768       0x5c D:/Uppsala/ZephyrProjects/zephyr-sdk-0.15.2/arm-zephyr-eabi/arm-zephyr-eabi/lib/thumb/v6-m/nofp\libc.a(lib_a-strlen-stub.o)
                0x0000000010003768                strlen
 .text.strnlen  0x00000000100037c4       0x24 D:/Uppsala/ZephyrProjects/zephyr-sdk-0.15.2/arm-zephyr-eabi/arm-zephyr-eabi/lib/thumb/v6-m/nofp\libc.a(lib_a-strnlen.o)
                0x00000000100037c4                strnlen
 .text._vfiprintf_r
                0x00000000100037e8      0xd5c D:/Uppsala/ZephyrProjects/zephyr-sdk-0.15.2/arm-zephyr-eabi/arm-zephyr-eabi/lib/thumb/v6-m/nofp\libc.a(lib_a-vfiprintf.o)
                0x00000000100037e8                _vfiprintf_r
 .text.__sbprintf
                0x0000000010004544       0x8c D:/Uppsala/ZephyrProjects/zephyr-sdk-0.15.2/arm-zephyr-eabi/arm-zephyr-eabi/lib/thumb/v6-m/nofp\libc.a(lib_a-vfiprintf.o)
 .text.__swsetup_r
                0x00000000100045d0       0xd0 D:/Uppsala/ZephyrProjects/zephyr-sdk-0.15.2/arm-zephyr-eabi/arm-zephyr-eabi/lib/thumb/v6-m/nofp\libc.a(lib_a-wsetup.o)
                0x00000000100045d0                __swsetup_r
 .text.abort    0x00000000100046a0       0x10 D:/Uppsala/ZephyrProjects/zephyr-sdk-0.15.2/arm-zephyr-eabi/arm-zephyr-eabi/lib/thumb/v6-m/nofp\libc.a(lib_a-abort.o)
                0x00000000100046a0                abort
 .text.__sflush_r
                0x00000000100046b0      0x124 D:/Uppsala/ZephyrProjects/zephyr-sdk-0.15.2/arm-zephyr-eabi/arm-zephyr-eabi/lib/thumb/v6-m/nofp\libc.a(lib_a-fflush.o)
                0x00000000100046b0                __sflush_r
 .text._fflush_r
                0x00000000100047d4       0x6c D:/Uppsala/ZephyrProjects/zephyr-sdk-0.15.2/arm-zephyr-eabi/arm-zephyr-eabi/lib/thumb/v6-m/nofp\libc.a(lib_a-fflush.o)
                0x00000000100047d4                _fflush_r
 .text._cleanup_r
                0x0000000010004840       0x10 D:/Uppsala/ZephyrProjects/zephyr-sdk-0.15.2/arm-zephyr-eabi/arm-zephyr-eabi/lib/thumb/v6-m/nofp\libc.a(lib_a-findfp.o)
                0x0000000010004840                _cleanup_r
 .text.__sinit  0x0000000010004850      0x124 D:/Uppsala/ZephyrProjects/zephyr-sdk-0.15.2/arm-zephyr-eabi/arm-zephyr-eabi/lib/thumb/v6-m/nofp\libc.a(lib_a-findfp.o)
                0x0000000010004850                __sinit
 .text._malloc_trim_r
                0x0000000010004974       0xa8 D:/Uppsala/ZephyrProjects/zephyr-sdk-0.15.2/arm-zephyr-eabi/arm-zephyr-eabi/lib/thumb/v6-m/nofp\libc.a(lib_a-freer.o)
                0x0000000010004974                _malloc_trim_r
 .text._free_r  0x0000000010004a1c      0x1d4 D:/Uppsala/ZephyrProjects/zephyr-sdk-0.15.2/arm-zephyr-eabi/arm-zephyr-eabi/lib/thumb/v6-m/nofp\libc.a(lib_a-freer.o)
                0x0000000010004a1c                _free_r
 .text.__sfvwrite_r
                0x0000000010004bf0      0x310 D:/Uppsala/ZephyrProjects/zephyr-sdk-0.15.2/arm-zephyr-eabi/arm-zephyr-eabi/lib/thumb/v6-m/nofp\libc.a(lib_a-fvwrite.o)
                0x0000000010004bf0                __sfvwrite_r
 .text._fwalk_reent
                0x0000000010004f00       0x48 D:/Uppsala/ZephyrProjects/zephyr-sdk-0.15.2/arm-zephyr-eabi/arm-zephyr-eabi/lib/thumb/v6-m/nofp\libc.a(lib_a-fwalk.o)
                0x0000000010004f00                _fwalk_reent
 .text._localeconv_r
                0x0000000010004f48        0x8 D:/Uppsala/ZephyrProjects/zephyr-sdk-0.15.2/arm-zephyr-eabi/arm-zephyr-eabi/lib/thumb/v6-m/nofp\libc.a(lib_a-localeconv.o)
                0x0000000010004f48                _localeconv_r
 .text.__smakebuf_r
                0x0000000010004f50       0xc0 D:/Uppsala/ZephyrProjects/zephyr-sdk-0.15.2/arm-zephyr-eabi/arm-zephyr-eabi/lib/thumb/v6-m/nofp\libc.a(lib_a-makebuf.o)
                0x0000000010004f50                __smakebuf_r
 .text.memchr   0x0000000010005010       0x74 D:/Uppsala/ZephyrProjects/zephyr-sdk-0.15.2/arm-zephyr-eabi/arm-zephyr-eabi/lib/thumb/v6-m/nofp\libc.a(lib_a-memchr-stub.o)
                0x0000000010005010                memchr
 .text.memmove  0x0000000010005084       0xb0 D:/Uppsala/ZephyrProjects/zephyr-sdk-0.15.2/arm-zephyr-eabi/arm-zephyr-eabi/lib/thumb/v6-m/nofp\libc.a(lib_a-memmove.o)
                0x0000000010005084                memmove
 .text._realloc_r
                0x0000000010005134      0x350 D:/Uppsala/ZephyrProjects/zephyr-sdk-0.15.2/arm-zephyr-eabi/arm-zephyr-eabi/lib/thumb/v6-m/nofp\libc.a(lib_a-reallocr.o)
                0x0000000010005134                _realloc_r
 .text.raise    0x0000000010005484       0x5c D:/Uppsala/ZephyrProjects/zephyr-sdk-0.15.2/arm-zephyr-eabi/arm-zephyr-eabi/lib/thumb/v6-m/nofp\libc.a(lib_a-signal.o)
                0x0000000010005484                raise
 .text._kill_r  0x00000000100054e0       0x28 D:/Uppsala/ZephyrProjects/zephyr-sdk-0.15.2/arm-zephyr-eabi/arm-zephyr-eabi/lib/thumb/v6-m/nofp\libc.a(lib_a-signalr.o)
                0x00000000100054e0                _kill_r
 .text._getpid_r
                0x0000000010005508        0x8 D:/Uppsala/ZephyrProjects/zephyr-sdk-0.15.2/arm-zephyr-eabi/arm-zephyr-eabi/lib/thumb/v6-m/nofp\libc.a(lib_a-signalr.o)
                0x0000000010005508                _getpid_r
 .text.__sread  0x0000000010005510       0x28 D:/Uppsala/ZephyrProjects/zephyr-sdk-0.15.2/arm-zephyr-eabi/arm-zephyr-eabi/lib/thumb/v6-m/nofp\libc.a(lib_a-stdio.o)
                0x0000000010005510                __sread
 .text.__swrite
                0x0000000010005538       0x40 D:/Uppsala/ZephyrProjects/zephyr-sdk-0.15.2/arm-zephyr-eabi/arm-zephyr-eabi/lib/thumb/v6-m/nofp\libc.a(lib_a-stdio.o)
                0x0000000010005538                __swrite
 .text.__sseek  0x0000000010005578       0x30 D:/Uppsala/ZephyrProjects/zephyr-sdk-0.15.2/arm-zephyr-eabi/arm-zephyr-eabi/lib/thumb/v6-m/nofp\libc.a(lib_a-stdio.o)
                0x0000000010005578                __sseek
 .text.__sclose
                0x00000000100055a8        0xc D:/Uppsala/ZephyrProjects/zephyr-sdk-0.15.2/arm-zephyr-eabi/arm-zephyr-eabi/lib/thumb/v6-m/nofp\libc.a(lib_a-stdio.o)
                0x00000000100055a8                __sclose
 .text.strncpy  0x00000000100055b4       0x60 D:/Uppsala/ZephyrProjects/zephyr-sdk-0.15.2/arm-zephyr-eabi/arm-zephyr-eabi/lib/thumb/v6-m/nofp\libc.a(lib_a-strncpy.o)
                0x00000000100055b4                strncpy
 .text._write_r
                0x0000000010005614       0x28 D:/Uppsala/ZephyrProjects/zephyr-sdk-0.15.2/arm-zephyr-eabi/arm-zephyr-eabi/lib/thumb/v6-m/nofp\libc.a(lib_a-writer.o)
                0x0000000010005614                _write_r
 .text._close_r
                0x000000001000563c       0x24 D:/Uppsala/ZephyrProjects/zephyr-sdk-0.15.2/arm-zephyr-eabi/arm-zephyr-eabi/lib/thumb/v6-m/nofp\libc.a(lib_a-closer.o)
                0x000000001000563c                _close_r
 .text._fstat_r
                0x0000000010005660       0x28 D:/Uppsala/ZephyrProjects/zephyr-sdk-0.15.2/arm-zephyr-eabi/arm-zephyr-eabi/lib/thumb/v6-m/nofp\libc.a(lib_a-fstatr.o)
                0x0000000010005660                _fstat_r
 .text._isatty_r
                0x0000000010005688       0x24 D:/Uppsala/ZephyrProjects/zephyr-sdk-0.15.2/arm-zephyr-eabi/arm-zephyr-eabi/lib/thumb/v6-m/nofp\libc.a(lib_a-isattyr.o)
                0x0000000010005688                _isatty_r
 .text._lseek_r
                0x00000000100056ac       0x28 D:/Uppsala/ZephyrProjects/zephyr-sdk-0.15.2/arm-zephyr-eabi/arm-zephyr-eabi/lib/thumb/v6-m/nofp\libc.a(lib_a-lseekr.o)
                0x00000000100056ac                _lseek_r
 .text.__ascii_mbtowc
                0x00000000100056d4       0x2c D:/Uppsala/ZephyrProjects/zephyr-sdk-0.15.2/arm-zephyr-eabi/arm-zephyr-eabi/lib/thumb/v6-m/nofp\libc.a(lib_a-mbtowc_r.o)
                0x00000000100056d4                __ascii_mbtowc
 .text._read_r  0x0000000010005700       0x28 D:/Uppsala/ZephyrProjects/zephyr-sdk-0.15.2/arm-zephyr-eabi/arm-zephyr-eabi/lib/thumb/v6-m/nofp\libc.a(lib_a-readr.o)
                0x0000000010005700                _read_r
 .text.__ascii_wctomb
                0x0000000010005728       0x1c D:/Uppsala/ZephyrProjects/zephyr-sdk-0.15.2/arm-zephyr-eabi/arm-zephyr-eabi/lib/thumb/v6-m/nofp\libc.a(lib_a-wctomb_r.o)
                0x0000000010005728                __ascii_wctomb
 .text._OffsetAbsSyms
                0x0000000010005744        0x2 zephyr/CMakeFiles/offsets.dir/./arch/arm/core/offsets/offsets.c.obj
                0x0000000010005744                _OffsetAbsSyms
 .text.z_impl_gpio_pin_interrupt_configure
                0x0000000010005746       0x2c app/libapp.a(main.c.obj)
 .text.gpio_pin_interrupt_configure_dt
                0x0000000010005772       0x10 app/libapp.a(main.c.obj)
 .text.gpio_pin_configure_dt
                0x0000000010005782       0x14 app/libapp.a(main.c.obj)
 .text.gpio_pin_set_raw
                0x0000000010005796       0x22 app/libapp.a(main.c.obj)
 .text.gpio_pin_set
                0x00000000100057b8       0x1a app/libapp.a(main.c.obj)
 .text.gpio_pin_toggle_dt
                0x00000000100057d2       0x14 app/libapp.a(main.c.obj)
 .text.gpio_add_callback
                0x00000000100057e6       0x16 app/libapp.a(main.c.obj)
 .text.k_msleep
                0x00000000100057fc       0x2a app/libapp.a(main.c.obj)
 .text.arch_printk_char_out
                0x0000000010005826        0x4 zephyr/libzephyr.a(printk.c.obj)
                0x0000000010005826                arch_printk_char_out
 .text.printk   0x000000001000582a       0x18 zephyr/libzephyr.a(printk.c.obj)
                0x000000001000582a                printk
 .text.z_thread_entry
                0x0000000010005842       0x14 zephyr/libzephyr.a(thread_entry.c.obj)
                0x0000000010005842                z_thread_entry
 .text.extract_width
                0x0000000010005856       0x66 zephyr/libzephyr.a(cbprintf_complete.c.obj)
 .text.extract_prec
                0x00000000100058bc       0x6c zephyr/libzephyr.a(cbprintf_complete.c.obj)
 .text.extract_conversion
                0x0000000010005928       0x44 zephyr/libzephyr.a(cbprintf_complete.c.obj)
 .text.conversion_radix
                0x000000001000596c       0x2a zephyr/libzephyr.a(cbprintf_complete.c.obj)
 .text.outs     0x0000000010005996       0x38 zephyr/libzephyr.a(cbprintf_complete.c.obj)
 .text._ConfigAbsSyms
                0x00000000100059ce        0x2 zephyr/libzephyr.a(configs.c.obj)
                0x00000000100059ce                _ConfigAbsSyms
 .text.z_arm_fatal_error
                0x00000000100059d0        0x8 zephyr/arch/arch/arm/core/aarch32/libarch__arm__core__aarch32.a(fatal.c.obj)
                0x00000000100059d0                z_arm_fatal_error
 .text.z_do_kernel_oops
                0x00000000100059d8        0xc zephyr/arch/arch/arm/core/aarch32/libarch__arm__core__aarch32.a(fatal.c.obj)
                0x00000000100059d8                z_do_kernel_oops
 .text.z_arm_irq_priority_set
                0x00000000100059e4        0xa zephyr/arch/arch/arm/core/aarch32/libarch__arm__core__aarch32.a(irq_manage.c.obj)
                0x00000000100059e4                z_arm_irq_priority_set
 .text.z_irq_spurious
                0x00000000100059ee        0xc zephyr/arch/arch/arm/core/aarch32/libarch__arm__core__aarch32.a(irq_manage.c.obj)
                0x00000000100059ee                z_irq_spurious
 .text.z_arm_nmi
                0x00000000100059fa        0xc zephyr/arch/arch/arm/core/aarch32/libarch__arm__core__aarch32.a(nmi.c.obj)
                0x00000000100059fa                z_arm_nmi
 .text.memory_fault_recoverable
                0x0000000010005a06        0x4 zephyr/arch/arch/arm/core/aarch32/cortex_m/libarch__arm__core__aarch32__cortex_m.a(fault.c.obj)
 .text.fault_handle
                0x0000000010005a0a       0x16 zephyr/arch/arch/arm/core/aarch32/cortex_m/libarch__arm__core__aarch32__cortex_m.a(fault.c.obj)
 .text.z_arm_fault_init
                0x0000000010005a20        0x2 zephyr/arch/arch/arm/core/aarch32/cortex_m/libarch__arm__core__aarch32__cortex_m.a(fault.c.obj)
                0x0000000010005a20                z_arm_fault_init
 .text.z_arm_interrupt_init
                0x0000000010005a22       0x16 zephyr/arch/arch/arm/core/aarch32/cortex_m/libarch__arm__core__aarch32__cortex_m.a(irq_init.c.obj)
                0x0000000010005a22                z_arm_interrupt_init
 .text.mpu_partition_is_valid
                0x0000000010005a38       0x22 zephyr/arch/arch/arm/core/aarch32/mpu/libarch__arm__core__aarch32__mpu.a(arm_mpu.c.obj)
 .text.region_allocate_and_init
                0x0000000010005a5a       0x16 zephyr/arch/arch/arm/core/aarch32/mpu/libarch__arm__core__aarch32__mpu.a(arm_mpu.c.obj)
 .text.mpu_configure_region
                0x0000000010005a70       0x42 zephyr/arch/arch/arm/core/aarch32/mpu/libarch__arm__core__aarch32__mpu.a(arm_mpu.c.obj)
 .text.mpu_configure_regions
                0x0000000010005ab2       0x58 zephyr/arch/arch/arm/core/aarch32/mpu/libarch__arm__core__aarch32__mpu.a(arm_mpu.c.obj)
 .text.arm_core_mpu_configure_static_mpu_regions
                0x0000000010005b0a        0x8 zephyr/arch/arch/arm/core/aarch32/mpu/libarch__arm__core__aarch32__mpu.a(arm_mpu.c.obj)
                0x0000000010005b0a                arm_core_mpu_configure_static_mpu_regions
 .text.malloc_prepare
                0x0000000010005b12        0x4 zephyr/lib/libc/newlib/liblib__libc__newlib.a(libc-hooks.c.obj)
 .text._stdout_hook_default
                0x0000000010005b16        0x6 zephyr/lib/libc/newlib/liblib__libc__newlib.a(libc-hooks.c.obj)
 .text._stdin_hook_default
                0x0000000010005b1c        0x4 zephyr/lib/libc/newlib/liblib__libc__newlib.a(libc-hooks.c.obj)
 .text._read    0x0000000010005b20        0xc zephyr/lib/libc/newlib/liblib__libc__newlib.a(libc-hooks.c.obj)
                0x0000000010005b20                _read
                0x0000000010005b20                read
 .text._write   0x0000000010005b2c        0xc zephyr/lib/libc/newlib/liblib__libc__newlib.a(libc-hooks.c.obj)
                0x0000000010005b2c                _write
                0x0000000010005b2c                write
 .text._close   0x0000000010005b38        0x6 zephyr/lib/libc/newlib/liblib__libc__newlib.a(libc-hooks.c.obj)
                0x0000000010005b38                _close
                0x0000000010005b38                close
 .text._lseek   0x0000000010005b3e        0x4 zephyr/lib/libc/newlib/liblib__libc__newlib.a(libc-hooks.c.obj)
                0x0000000010005b3e                _lseek
                0x0000000010005b3e                lseek
 .text._isatty  0x0000000010005b42        0xe zephyr/lib/libc/newlib/liblib__libc__newlib.a(libc-hooks.c.obj)
                0x0000000010005b42                _isatty
                0x0000000010005b42                isatty
 .text._kill    0x0000000010005b50        0x4 zephyr/lib/libc/newlib/liblib__libc__newlib.a(libc-hooks.c.obj)
                0x0000000010005b50                _kill
                0x0000000010005b50                kill
 .text._getpid  0x0000000010005b54        0x4 zephyr/lib/libc/newlib/liblib__libc__newlib.a(libc-hooks.c.obj)
                0x0000000010005b54                getpid
                0x0000000010005b54                _getpid
 .text._fstat   0x0000000010005b58        0xa zephyr/lib/libc/newlib/liblib__libc__newlib.a(libc-hooks.c.obj)
                0x0000000010005b58                fstat
                0x0000000010005b58                _fstat
 .text.__retarget_lock_init_recursive
                0x0000000010005b62       0x12 zephyr/lib/libc/newlib/liblib__libc__newlib.a(libc-hooks.c.obj)
                0x0000000010005b62                __retarget_lock_init_recursive
 .text.__retarget_lock_close_recursive
                0x0000000010005b74        0x8 zephyr/lib/libc/newlib/liblib__libc__newlib.a(libc-hooks.c.obj)
                0x0000000010005b74                __retarget_lock_close_recursive
 .text.__retarget_lock_acquire_recursive
                0x0000000010005b7c        0xe zephyr/lib/libc/newlib/liblib__libc__newlib.a(libc-hooks.c.obj)
                0x0000000010005b7c                __retarget_lock_acquire_recursive
 .text.__retarget_lock_release_recursive
                0x0000000010005b8a        0x8 zephyr/lib/libc/newlib/liblib__libc__newlib.a(libc-hooks.c.obj)
                0x0000000010005b8a                __retarget_lock_release_recursive
 .text.sys_slist_remove
                0x0000000010005b92       0x26 zephyr/drivers/gpio/libdrivers__gpio.a(gpio_rpi_pico.c.obj)
 .text.sys_slist_find_and_remove
                0x0000000010005bb8       0x22 zephyr/drivers/gpio/libdrivers__gpio.a(gpio_rpi_pico.c.obj)
 .text.gpio_manage_callback
                0x0000000010005bda       0x46 zephyr/drivers/gpio/libdrivers__gpio.a(gpio_rpi_pico.c.obj)
 .text.gpio_fire_callbacks
                0x0000000010005c20       0x4c zephyr/drivers/gpio/libdrivers__gpio.a(gpio_rpi_pico.c.obj)
 .text.gpio_rpi_port_get_raw
                0x0000000010005c6c        0xc zephyr/drivers/gpio/libdrivers__gpio.a(gpio_rpi_pico.c.obj)
 .text.gpio_rpi_port_set_masked_raw
                0x0000000010005c78       0x10 zephyr/drivers/gpio/libdrivers__gpio.a(gpio_rpi_pico.c.obj)
 .text.gpio_rpi_port_set_bits_raw
                0x0000000010005c88        0xa zephyr/drivers/gpio/libdrivers__gpio.a(gpio_rpi_pico.c.obj)
 .text.gpio_rpi_port_clear_bits_raw
                0x0000000010005c92        0xa zephyr/drivers/gpio/libdrivers__gpio.a(gpio_rpi_pico.c.obj)
 .text.gpio_rpi_port_toggle_bits
                0x0000000010005c9c        0xa zephyr/drivers/gpio/libdrivers__gpio.a(gpio_rpi_pico.c.obj)
 .text.gpio_rpi_manage_callback
                0x0000000010005ca6        0xc zephyr/drivers/gpio/libdrivers__gpio.a(gpio_rpi_pico.c.obj)
 .text.gpio_rpi_bank_init
                0x0000000010005cb2        0xc zephyr/drivers/gpio/libdrivers__gpio.a(gpio_rpi_pico.c.obj)
 .text.gpio_rpi_pin_interrupt_configure
                0x0000000010005cbe       0x6e zephyr/drivers/gpio/libdrivers__gpio.a(gpio_rpi_pico.c.obj)
 .text.gpio_rpi_configure
                0x0000000010005d2c       0x76 zephyr/drivers/gpio/libdrivers__gpio.a(gpio_rpi_pico.c.obj)
 .text.bank_0_config_func
                0x0000000010005da2       0x14 zephyr/drivers/gpio/libdrivers__gpio.a(gpio_rpi_pico.c.obj)
 .text.i2c_dw_data_ask
                0x0000000010005db6       0xb4 zephyr/drivers/i2c/libdrivers__i2c.a(i2c_dw.c.obj)
 .text.i2c_dw_data_read
                0x0000000010005e6a       0x42 zephyr/drivers/i2c/libdrivers__i2c.a(i2c_dw.c.obj)
 .text.i2c_dw_data_send
                0x0000000010005eac       0x82 zephyr/drivers/i2c/libdrivers__i2c.a(i2c_dw.c.obj)
 .text.i2c_dw_runtime_configure
                0x0000000010005f2e       0xd2 zephyr/drivers/i2c/libdrivers__i2c.a(i2c_dw.c.obj)
 .text.i2c_dw_set_master_mode
                0x0000000010006000       0x32 zephyr/drivers/i2c/libdrivers__i2c.a(i2c_dw.c.obj)
 .text.i2c_dw_slave_unregister
                0x0000000010006032       0x10 zephyr/drivers/i2c/libdrivers__i2c.a(i2c_dw.c.obj)
 .text.i2c_dw_slave_read_clear_intr_bits
                0x0000000010006042       0x8e zephyr/drivers/i2c/libdrivers__i2c.a(i2c_dw.c.obj)
 .text.i2c_config_0
                0x00000000100060d0       0x14 zephyr/drivers/i2c/libdrivers__i2c.a(i2c_dw.c.obj)
 .text.i2c_config_1
                0x00000000100060e4       0x14 zephyr/drivers/i2c/libdrivers__i2c.a(i2c_dw.c.obj)
 .text.i2c_dw_transfer_complete
                0x00000000100060f8       0x16 zephyr/drivers/i2c/libdrivers__i2c.a(i2c_dw.c.obj)
 .text.i2c_dw_isr
                0x000000001000610e      0x12c zephyr/drivers/i2c/libdrivers__i2c.a(i2c_dw.c.obj)
 .text.pinctrl_apply_state
                0x000000001000623a       0x1e zephyr/drivers/i2c/libdrivers__i2c.a(i2c_dw.c.obj)
 .text.i2c_read
                0x0000000010006258       0x1c zephyr/drivers/sensor/ec2023/libdrivers__sensor__ec2023.a(ec2023.c.obj)
 .text.ec2023_fetch_all
                0x0000000010006274       0x54 zephyr/drivers/sensor/ec2023/libdrivers__sensor__ec2023.a(ec2023.c.obj)
 .text.ec2023_sample_fetch
                0x00000000100062c8        0xc zephyr/drivers/sensor/ec2023/libdrivers__sensor__ec2023.a(ec2023.c.obj)
 .text.ec2023_channel_get
                0x00000000100062d4       0x56 zephyr/drivers/sensor/ec2023/libdrivers__sensor__ec2023.a(ec2023.c.obj)
 .text.ec2023_init
                0x000000001000632a       0x16 zephyr/drivers/sensor/ec2023/libdrivers__sensor__ec2023.a(ec2023.c.obj)
                0x000000001000632a                ec2023_init
 .text.uart_set_format
                0x0000000010006340       0x3a zephyr/drivers/serial/libdrivers__serial.a(uart_rpi_pico.c.obj)
 .text.uart_rpi_poll_in
                0x000000001000637a       0x18 zephyr/drivers/serial/libdrivers__serial.a(uart_rpi_pico.c.obj)
 .text.uart_rpi_poll_out
                0x0000000010006392        0xe zephyr/drivers/serial/libdrivers__serial.a(uart_rpi_pico.c.obj)
 .text.uart_rpi_set_format
                0x00000000100063a0       0x6e zephyr/drivers/serial/libdrivers__serial.a(uart_rpi_pico.c.obj)
 .text.uart_rpi_err_check
                0x000000001000640e       0x2a zephyr/drivers/serial/libdrivers__serial.a(uart_rpi_pico.c.obj)
 .text.uart_rpi_fifo_fill
                0x0000000010006438       0x1e zephyr/drivers/serial/libdrivers__serial.a(uart_rpi_pico.c.obj)
 .text.uart_rpi_fifo_read
                0x0000000010006456       0x1e zephyr/drivers/serial/libdrivers__serial.a(uart_rpi_pico.c.obj)
 .text.uart_rpi_irq_tx_enable
                0x0000000010006474       0x16 zephyr/drivers/serial/libdrivers__serial.a(uart_rpi_pico.c.obj)
 .text.uart_rpi_irq_tx_disable
                0x000000001000648a        0xe zephyr/drivers/serial/libdrivers__serial.a(uart_rpi_pico.c.obj)
 .text.uart_rpi_irq_tx_ready
                0x0000000010006498       0x10 zephyr/drivers/serial/libdrivers__serial.a(uart_rpi_pico.c.obj)
 .text.uart_rpi_irq_rx_enable
                0x00000000100064a8       0x16 zephyr/drivers/serial/libdrivers__serial.a(uart_rpi_pico.c.obj)
 .text.uart_rpi_irq_rx_disable
                0x00000000100064be        0xe zephyr/drivers/serial/libdrivers__serial.a(uart_rpi_pico.c.obj)
 .text.uart_rpi_irq_tx_complete
                0x00000000100064cc       0x10 zephyr/drivers/serial/libdrivers__serial.a(uart_rpi_pico.c.obj)
 .text.uart_rpi_irq_rx_ready
                0x00000000100064dc       0x10 zephyr/drivers/serial/libdrivers__serial.a(uart_rpi_pico.c.obj)
 .text.uart_rpi_irq_err_enable
                0x00000000100064ec       0x10 zephyr/drivers/serial/libdrivers__serial.a(uart_rpi_pico.c.obj)
 .text.uart_rpi_irq_is_pending
                0x00000000100064fc       0x1e zephyr/drivers/serial/libdrivers__serial.a(uart_rpi_pico.c.obj)
 .text.uart_rpi_irq_update
                0x000000001000651a        0x4 zephyr/drivers/serial/libdrivers__serial.a(uart_rpi_pico.c.obj)
 .text.uart_rpi_irq_callback_set
                0x000000001000651e        0x8 zephyr/drivers/serial/libdrivers__serial.a(uart_rpi_pico.c.obj)
 .text.uart_rpi_isr
                0x0000000010006526       0x10 zephyr/drivers/serial/libdrivers__serial.a(uart_rpi_pico.c.obj)
 .text.uart_rpi_config_get
                0x0000000010006536       0x12 zephyr/drivers/serial/libdrivers__serial.a(uart_rpi_pico.c.obj)
 .text.uart_rpi_configure
                0x0000000010006548       0x34 zephyr/drivers/serial/libdrivers__serial.a(uart_rpi_pico.c.obj)
 .text.uart0_rpi_irq_config_func
                0x000000001000657c       0x14 zephyr/drivers/serial/libdrivers__serial.a(uart_rpi_pico.c.obj)
 .text.pinctrl_apply_state
                0x0000000010006590       0x1e zephyr/drivers/serial/libdrivers__serial.a(uart_rpi_pico.c.obj)
 .text.uart_rpi_init
                0x00000000100065ae       0x6c zephyr/drivers/serial/libdrivers__serial.a(uart_rpi_pico.c.obj)
 .text.pinctrl_lookup_state
                0x000000001000661a       0x2a zephyr/drivers/pinctrl/libdrivers__pinctrl.a(common.c.obj)
                0x000000001000661a                pinctrl_lookup_state
 .text.pinctrl_configure_pin
                0x0000000010006644       0x74 zephyr/drivers/pinctrl/libdrivers__pinctrl.a(pinctrl_rpi_pico.c.obj)
 .text.pinctrl_configure_pins
                0x00000000100066b8       0x1c zephyr/drivers/pinctrl/libdrivers__pinctrl.a(pinctrl_rpi_pico.c.obj)
                0x00000000100066b8                pinctrl_configure_pins
 .text.reset_rpi_read_register
                0x00000000100066d4       0x36 zephyr/drivers/reset/libdrivers__reset.a(reset_rpi_pico.c.obj)
 .text.reset_rpi_write_register
                0x000000001000670a       0x34 zephyr/drivers/reset/libdrivers__reset.a(reset_rpi_pico.c.obj)
 .text.reset_rpi_status
                0x000000001000673e       0x5a zephyr/drivers/reset/libdrivers__reset.a(reset_rpi_pico.c.obj)
 .text.reset_rpi_update
                0x0000000010006798       0x70 zephyr/drivers/reset/libdrivers__reset.a(reset_rpi_pico.c.obj)
 .text.reset_rpi_line_assert
                0x0000000010006808        0xa zephyr/drivers/reset/libdrivers__reset.a(reset_rpi_pico.c.obj)
 .text.reset_rpi_line_deassert
                0x0000000010006812        0xa zephyr/drivers/reset/libdrivers__reset.a(reset_rpi_pico.c.obj)
 .text.reset_rpi_line_toggle
                0x000000001000681c       0x1a zephyr/drivers/reset/libdrivers__reset.a(reset_rpi_pico.c.obj)
 .text.reset_rpi_init
                0x0000000010006836        0x4 zephyr/drivers/reset/libdrivers__reset.a(reset_rpi_pico.c.obj)
 .text._gpio_set_irq_enabled
                0x000000001000683a       0x34 modules/hal_rpi_pico/libmodules__hal_rpi_pico.a(gpio.c.obj)
 .text.gpio_init
                0x000000001000686e       0x16 modules/hal_rpi_pico/libmodules__hal_rpi_pico.a(gpio.c.obj)
                0x000000001000686e                gpio_init
 .text.z_device_is_ready
                0x0000000010006884       0x22 zephyr/kernel/libkernel.a(device.c.obj)
                0x0000000010006884                z_device_is_ready
 .text.arch_system_halt
                0x00000000100068a6        0x8 zephyr/kernel/libkernel.a(fatal.c.obj)
                0x00000000100068a6                arch_system_halt
 .text.k_sys_fatal_error_handler
                0x00000000100068ae        0x6 zephyr/kernel/libkernel.a(fatal.c.obj)
                0x00000000100068ae                k_sys_fatal_error_handler
 .text.z_fatal_error
                0x00000000100068b4       0x2c zephyr/kernel/libkernel.a(fatal.c.obj)
                0x00000000100068b4                z_fatal_error
 .text.z_early_memset
                0x00000000100068e0        0x8 zephyr/kernel/libkernel.a(init.c.obj)
                0x00000000100068e0                z_early_memset
 .text.z_early_memcpy
                0x00000000100068e8        0x8 zephyr/kernel/libkernel.a(init.c.obj)
                0x00000000100068e8                z_early_memcpy
 .text.setup_thread_stack
                0x00000000100068f0       0x14 zephyr/kernel/libkernel.a(thread.c.obj)
 .text.z_impl_k_thread_start
                0x0000000010006904        0x8 zephyr/kernel/libkernel.a(thread.c.obj)
                0x0000000010006904                z_impl_k_thread_start
 .text.z_init_thread_base
                0x000000001000690c       0x14 zephyr/kernel/libkernel.a(thread.c.obj)
                0x000000001000690c                z_init_thread_base
 .text.idle     0x0000000010006920        0xe zephyr/kernel/libkernel.a(idle.c.obj)
                0x0000000010006920                idle
 .text.new_prio_for_inheritance
                0x000000001000692e       0x16 zephyr/kernel/libkernel.a(mutex.c.obj)
 .text.adjust_owner_prio
                0x0000000010006944       0x16 zephyr/kernel/libkernel.a(mutex.c.obj)
 .text.z_impl_k_mutex_init
                0x000000001000695a        0xe zephyr/kernel/libkernel.a(mutex.c.obj)
                0x000000001000695a                z_impl_k_mutex_init
 .text.z_impl_k_sem_init
                0x0000000010006968       0x20 zephyr/kernel/libkernel.a(sem.c.obj)
                0x0000000010006968                z_impl_k_sem_init
 .text.thread_active_elsewhere
                0x0000000010006988        0x4 zephyr/kernel/libkernel.a(sched.c.obj)
 .text.pended_on_thread
                0x000000001000698c        0x4 zephyr/kernel/libkernel.a(sched.c.obj)
 .text.z_sched_prio_cmp
                0x0000000010006990       0x14 zephyr/kernel/libkernel.a(sched.c.obj)
                0x0000000010006990                z_sched_prio_cmp
 .text.z_reschedule_irqlock
                0x00000000100069a4       0x20 zephyr/kernel/libkernel.a(sched.c.obj)
                0x00000000100069a4                z_reschedule_irqlock
 .text.z_priq_dumb_remove
                0x00000000100069c4       0x10 zephyr/kernel/libkernel.a(sched.c.obj)
                0x00000000100069c4                z_priq_dumb_remove
 .text.unpend_thread_no_timeout
                0x00000000100069d4       0x1c zephyr/kernel/libkernel.a(sched.c.obj)
 .text.z_priq_dumb_best
                0x00000000100069f0        0xe zephyr/kernel/libkernel.a(sched.c.obj)
                0x00000000100069f0                z_priq_dumb_best
 .text.z_ready_thread
                0x00000000100069fe       0x34 zephyr/kernel/libkernel.a(sched.c.obj)
                0x00000000100069fe                z_ready_thread
 .text.z_thread_timeout
                0x0000000010006a32       0x5c zephyr/kernel/libkernel.a(sched.c.obj)
                0x0000000010006a32                z_thread_timeout
 .text.unpend_all
                0x0000000010006a8e       0x2a zephyr/kernel/libkernel.a(sched.c.obj)
 .text.add_to_waitq_locked
                0x0000000010006ab8       0x5a zephyr/kernel/libkernel.a(sched.c.obj)
 .text.pend_locked
                0x0000000010006b12       0x18 zephyr/kernel/libkernel.a(sched.c.obj)
 .text.z_unpend_first_thread
                0x0000000010006b2a       0x3c zephyr/kernel/libkernel.a(sched.c.obj)
                0x0000000010006b2a                z_unpend_first_thread
 .text.init_ready_q
                0x0000000010006b66        0x8 zephyr/kernel/libkernel.a(sched.c.obj)
                0x0000000010006b66                init_ready_q
 .text.remove_timeout
                0x0000000010006b6e       0x2c zephyr/kernel/libkernel.a(timeout.c.obj)
 .text.z_abort_timeout
                0x0000000010006b9a       0x34 zephyr/kernel/libkernel.a(timeout.c.obj)
                0x0000000010006b9a                z_abort_timeout
 .text.z_set_timeout_expiry
                0x0000000010006bce       0x4e zephyr/kernel/libkernel.a(timeout.c.obj)
                0x0000000010006bce                z_set_timeout_expiry
 .text.sys_clock_tick_get_32
                0x0000000010006c1c        0x8 zephyr/kernel/libkernel.a(timeout.c.obj)
                0x0000000010006c1c                sys_clock_tick_get_32
 .text.main     0x0000000010006c24        0x4 zephyr/kernel/libkernel.a(main_weak.c.obj)
                0x0000000010006c24                main
 *(SORT_BY_ALIGNMENT(.TEXT.*))
 *(SORT_BY_ALIGNMENT(.gnu.linkonce.t.*))
 *(SORT_BY_ALIGNMENT(.glue_7t))
 .glue_7t       0x0000000010006c28        0x0 linker stubs
 *(SORT_BY_ALIGNMENT(.glue_7))
 .glue_7        0x0000000010006c28        0x0 linker stubs
 *(SORT_BY_ALIGNMENT(.vfp11_veneer))
 .vfp11_veneer  0x0000000010006c28        0x0 linker stubs
 *(SORT_BY_ALIGNMENT(.v4_bx))
 .v4_bx         0x0000000010006c28        0x0 linker stubs
                0x0000000010006c28                . = ALIGN (0x4)
                0x0000000010006c28                __text_region_end = .

.ARM.exidx      0x0000000010006c28        0x8
                0x0000000010006c28                __exidx_start = .
 *(SORT_BY_ALIGNMENT(.ARM.exidx*) SORT_BY_ALIGNMENT(gnu.linkonce.armexidx.*))
 .ARM.exidx     0x0000000010006c28        0x8 d:/uppsala/zephyrprojects/zephyr-sdk-0.15.2/arm-zephyr-eabi/bin/../lib/gcc/arm-zephyr-eabi/12.1.0/thumb/v6-m/nofp\libgcc.a(_udivmoddi4.o)
                0x0000000010006c30                __exidx_end = .
                0x0000000010006c30                __rodata_region_start = .

initlevel       0x0000000010006c30       0x50
                0x0000000010006c30                __init_start = .
                0x0000000010006c30                __init_EARLY_start = .
 *(SORT_BY_NAME(SORT_BY_ALIGNMENT(.z_init_EARLY[0-9]_*)))
 *(SORT_BY_NAME(SORT_BY_ALIGNMENT(.z_init_EARLY[1-9][0-9]_*)))
                0x0000000010006c30                __init_PRE_KERNEL_1_start = .
 *(SORT_BY_NAME(SORT_BY_ALIGNMENT(.z_init_PRE_KERNEL_1[0-9]_*)))
 .z_init_PRE_KERNEL_10_
                0x0000000010006c30        0x8 zephyr/soc/arm/rpi_pico/rp2/libsoc__arm__rpi_pico__rp2.a(soc.c.obj)
 *(SORT_BY_NAME(SORT_BY_ALIGNMENT(.z_init_PRE_KERNEL_1[1-9][0-9]_*)))
 .z_init_PRE_KERNEL_140_
                0x0000000010006c38        0x8 zephyr/drivers/reset/libdrivers__reset.a(reset_rpi_pico.c.obj)
 .z_init_PRE_KERNEL_155_
                0x0000000010006c40        0x8 zephyr/drivers/serial/libdrivers__serial.a(uart_rpi_pico.c.obj)
 .z_init_PRE_KERNEL_160_
                0x0000000010006c48        0x8 zephyr/drivers/console/libdrivers__console.a(uart_console.c.obj)
                0x0000000010006c50                __init_PRE_KERNEL_2_start = .
 *(SORT_BY_NAME(SORT_BY_ALIGNMENT(.z_init_PRE_KERNEL_2[0-9]_*)))
 .z_init_PRE_KERNEL_20_
                0x0000000010006c50        0x8 zephyr/drivers/timer/libdrivers__timer.a(cortex_m_systick.c.obj)
 *(SORT_BY_NAME(SORT_BY_ALIGNMENT(.z_init_PRE_KERNEL_2[1-9][0-9]_*)))
                0x0000000010006c58                __init_POST_KERNEL_start = .
 *(SORT_BY_NAME(SORT_BY_ALIGNMENT(.z_init_POST_KERNEL[0-9]_*)))
 *(SORT_BY_NAME(SORT_BY_ALIGNMENT(.z_init_POST_KERNEL[1-9][0-9]_*)))
 .z_init_POST_KERNEL40_
                0x0000000010006c58        0x8 zephyr/lib/libc/newlib/liblib__libc__newlib.a(libc-hooks.c.obj)
 .z_init_POST_KERNEL40_
                0x0000000010006c60        0x8 zephyr/drivers/gpio/libdrivers__gpio.a(gpio_rpi_pico.c.obj)
 .z_init_POST_KERNEL50_
                0x0000000010006c68       0x10 zephyr/drivers/i2c/libdrivers__i2c.a(i2c_dw.c.obj)
 .z_init_POST_KERNEL90_
                0x0000000010006c78        0x8 zephyr/drivers/sensor/ec2023/libdrivers__sensor__ec2023.a(ec2023.c.obj)
                0x0000000010006c80                __init_APPLICATION_start = .
 *(SORT_BY_NAME(SORT_BY_ALIGNMENT(.z_init_APPLICATION[0-9]_*)))
 *(SORT_BY_NAME(SORT_BY_ALIGNMENT(.z_init_APPLICATION[1-9][0-9]_*)))
                0x0000000010006c80                __init_SMP_start = .
 *(SORT_BY_NAME(SORT_BY_ALIGNMENT(.z_init_SMP[0-9]_*)))
 *(SORT_BY_NAME(SORT_BY_ALIGNMENT(.z_init_SMP[1-9][0-9]_*)))
                0x0000000010006c80                __init_end = .

devices         0x0000000010006c80       0x90
                0x0000000010006c80                __device_start = .
                0x0000000010006c80                __device_EARLY_start = .
 *(SORT_BY_NAME(SORT_BY_ALIGNMENT(.z_device_EARLY[0-9]_*)))
 *(SORT_BY_NAME(SORT_BY_ALIGNMENT(.z_device_EARLY[1-9][0-9]_*)))
                0x0000000010006c80                __device_PRE_KERNEL_1_start = .
 *(SORT_BY_NAME(SORT_BY_ALIGNMENT(.z_device_PRE_KERNEL_1[0-9]_*)))
 *(SORT_BY_NAME(SORT_BY_ALIGNMENT(.z_device_PRE_KERNEL_1[1-9][0-9]_*)))
 .z_device_PRE_KERNEL_140_
                0x0000000010006c80       0x18 zephyr/drivers/reset/libdrivers__reset.a(reset_rpi_pico.c.obj)
                0x0000000010006c80                __device_dts_ord_7
 .z_device_PRE_KERNEL_155_
                0x0000000010006c98       0x18 zephyr/drivers/serial/libdrivers__serial.a(uart_rpi_pico.c.obj)
                0x0000000010006c98                __device_dts_ord_44
                0x0000000010006cb0                __device_PRE_KERNEL_2_start = .
 *(SORT_BY_NAME(SORT_BY_ALIGNMENT(.z_device_PRE_KERNEL_2[0-9]_*)))
 *(SORT_BY_NAME(SORT_BY_ALIGNMENT(.z_device_PRE_KERNEL_2[1-9][0-9]_*)))
                0x0000000010006cb0                __device_POST_KERNEL_start = .
 *(SORT_BY_NAME(SORT_BY_ALIGNMENT(.z_device_POST_KERNEL[0-9]_*)))
 *(SORT_BY_NAME(SORT_BY_ALIGNMENT(.z_device_POST_KERNEL[1-9][0-9]_*)))
 .z_device_POST_KERNEL40_
                0x0000000010006cb0       0x18 zephyr/drivers/gpio/libdrivers__gpio.a(gpio_rpi_pico.c.obj)
                0x0000000010006cb0                __device_dts_ord_11
 .z_device_POST_KERNEL50_
                0x0000000010006cc8       0x30 zephyr/drivers/i2c/libdrivers__i2c.a(i2c_dw.c.obj)
                0x0000000010006cc8                __device_dts_ord_54
                0x0000000010006ce0                __device_dts_ord_38
 .z_device_POST_KERNEL90_
                0x0000000010006cf8       0x18 zephyr/drivers/sensor/ec2023/libdrivers__sensor__ec2023.a(ec2023.c.obj)
                0x0000000010006cf8                __device_dts_ord_55
                0x0000000010006d10                __device_APPLICATION_start = .
 *(SORT_BY_NAME(SORT_BY_ALIGNMENT(.z_device_APPLICATION[0-9]_*)))
 *(SORT_BY_NAME(SORT_BY_ALIGNMENT(.z_device_APPLICATION[1-9][0-9]_*)))
                0x0000000010006d10                __device_SMP_start = .
 *(SORT_BY_NAME(SORT_BY_ALIGNMENT(.z_device_SMP[0-9]_*)))
 *(SORT_BY_NAME(SORT_BY_ALIGNMENT(.z_device_SMP[1-9][0-9]_*)))
                0x0000000010006d10                __device_end = .

sw_isr_table    0x0000000010006d10       0xd0
                0x0000000010006d10                . = ALIGN (0x4)
 *(SORT_BY_ALIGNMENT(.gnu.linkonce.sw_isr_table*))
 .gnu.linkonce.sw_isr_table
                0x0000000010006d10       0xd0 zephyr/arch/common/libisr_tables.a(isr_tables.c.obj)
                0x0000000010006d10                _sw_isr_table

initlevel_error
                0x0000000010006c30        0x0
 *(SORT_BY_NAME(SORT_BY_ALIGNMENT(.z_init_[_A-Z0-9]*)))
                0x0000000000000001                ASSERT ((SIZEOF (initlevel_error) == 0x0), Undefined initialization levels used.)

app_shmem_regions
                0x0000000010006de0        0x0
                0x0000000010006de0                __app_shmem_regions_start = .
 *(SORT_BY_NAME(SORT_BY_ALIGNMENT(.app_regions.*)))
                0x0000000010006de0                __app_shmem_regions_end = .

k_p4wq_initparam_area
                0x0000000010006de0        0x0
                0x0000000010006de0                _k_p4wq_initparam_list_start = .
 *(SORT_BY_NAME(SORT_BY_ALIGNMENT(._k_p4wq_initparam.static.*)))
                0x0000000010006de0                _k_p4wq_initparam_list_end = .

_static_thread_data_area
                0x0000000010006de0       0x90
                0x0000000010006de0                __static_thread_data_list_start = .
 *(SORT_BY_NAME(SORT_BY_ALIGNMENT(.__static_thread_data.static.*)))
 .__static_thread_data.static._k_thread_data_thread1_id
                0x0000000010006de0       0x30 app/libapp.a(main.c.obj)
                0x0000000010006de0                _k_thread_data_thread1_id
 .__static_thread_data.static._k_thread_data_thread2_id
                0x0000000010006e10       0x30 app/libapp.a(main.c.obj)
                0x0000000010006e10                _k_thread_data_thread2_id
 .__static_thread_data.static._k_thread_data_thread3_id
                0x0000000010006e40       0x30 app/libapp.a(main.c.obj)
                0x0000000010006e40                _k_thread_data_thread3_id
                0x0000000010006e70                __static_thread_data_list_end = .

device_handles  0x0000000010006e70       0x60
                0x0000000010006e70                __device_handles_start = .
 *(SORT_BY_NAME(SORT_BY_ALIGNMENT(.__device_handles_pass1*)))
 .__device_handles_pass1
                0x0000000010006e70       0x14 zephyr/drivers/gpio/libdrivers__gpio.a(gpio_rpi_pico.c.obj)
                0x0000000010006e70                __devicehdl_dts_ord_11
 .__device_handles_pass1
                0x0000000010006e84       0x1e zephyr/drivers/i2c/libdrivers__i2c.a(i2c_dw.c.obj)
                0x0000000010006e84                __devicehdl_dts_ord_54
                0x0000000010006e94                __devicehdl_dts_ord_38
 .__device_handles_pass1
                0x0000000010006ea2        0x8 zephyr/drivers/sensor/ec2023/libdrivers__sensor__ec2023.a(ec2023.c.obj)
                0x0000000010006ea2                __devicehdl_dts_ord_55
 .__device_handles_pass1
                0x0000000010006eaa       0x10 zephyr/drivers/serial/libdrivers__serial.a(uart_rpi_pico.c.obj)
                0x0000000010006eaa                __devicehdl_dts_ord_44
 .__device_handles_pass1
                0x0000000010006eba       0x16 zephyr/drivers/reset/libdrivers__reset.a(reset_rpi_pico.c.obj)
                0x0000000010006eba                __devicehdl_dts_ord_7
                0x0000000010006ed0                __device_handles_end = .

ztest           0x0000000010006ed0        0x0
                0x0000000010006ed0                _ztest_expected_result_entry_list_start = .
 *(SORT_BY_NAME(SORT_BY_ALIGNMENT(._ztest_expected_result_entry.static.*)))
                0x0000000010006ed0                _ztest_expected_result_entry_list_end = .
                0x0000000010006ed0                _ztest_suite_node_list_start = .
 *(SORT_BY_NAME(SORT_BY_ALIGNMENT(._ztest_suite_node.static.*)))
                0x0000000010006ed0                _ztest_suite_node_list_end = .
                0x0000000010006ed0                _ztest_unit_test_list_start = .
 *(SORT_BY_NAME(SORT_BY_ALIGNMENT(._ztest_unit_test.static.*)))
                0x0000000010006ed0                _ztest_unit_test_list_end = .
                0x0000000010006ed0                _ztest_test_rule_list_start = .
 *(SORT_BY_NAME(SORT_BY_ALIGNMENT(._ztest_test_rule.static.*)))
                0x0000000010006ed0                _ztest_test_rule_list_end = .

bt_l2cap_fixed_chan_area
                0x0000000010006ed0        0x0
                0x0000000010006ed0                _bt_l2cap_fixed_chan_list_start = .
 *(SORT_BY_NAME(SORT_BY_ALIGNMENT(._bt_l2cap_fixed_chan.static.*)))
                0x0000000010006ed0                _bt_l2cap_fixed_chan_list_end = .

bt_gatt_service_static_area
                0x0000000010006ed0        0x0
                0x0000000010006ed0                _bt_gatt_service_static_list_start = .
 *(SORT_BY_NAME(SORT_BY_ALIGNMENT(._bt_gatt_service_static.static.*)))
                0x0000000010006ed0                _bt_gatt_service_static_list_end = .

log_strings_sections
                0x0000000010006ed0        0x0
                0x0000000010006ed0                __log_strings_start = .
 *(SORT_BY_NAME(SORT_BY_ALIGNMENT(.log_strings*)))
                0x0000000010006ed0                __log_strings_end = .

log_const_sections
                0x0000000010006ed0       0x38
                0x0000000010006ed0                __log_const_start = .
 *(SORT_BY_NAME(SORT_BY_ALIGNMENT(.log_const_*)))
 .log_const_EC2023
                0x0000000010006ed0        0x8 zephyr/drivers/sensor/ec2023/libdrivers__sensor__ec2023.a(ec2023.c.obj)
                0x0000000010006ed0                log_const_EC2023
 .log_const_cbprintf_package
                0x0000000010006ed8        0x8 zephyr/libzephyr.a(cbprintf_packaged.c.obj)
                0x0000000010006ed8                log_const_cbprintf_package
 .log_const_i2c
                0x0000000010006ee0        0x8 zephyr/drivers/i2c/libdrivers__i2c.a(i2c_common.c.obj)
                0x0000000010006ee0                log_const_i2c
 .log_const_i2c_dw
                0x0000000010006ee8        0x8 zephyr/drivers/i2c/libdrivers__i2c.a(i2c_dw.c.obj)
                0x0000000010006ee8                log_const_i2c_dw
 .log_const_mpu
                0x0000000010006ef0        0x8 zephyr/arch/arch/arm/core/aarch32/mpu/libarch__arm__core__aarch32__mpu.a(arm_core_mpu.c.obj)
                0x0000000010006ef0                log_const_mpu
 .log_const_os  0x0000000010006ef8        0x8 zephyr/kernel/libkernel.a(init.c.obj)
                0x0000000010006ef8                log_const_os
 .log_const_soc
                0x0000000010006f00        0x8 zephyr/soc/arm/rpi_pico/rp2/libsoc__arm__rpi_pico__rp2.a(soc.c.obj)
                0x0000000010006f00                log_const_soc
                0x0000000010006f08                __log_const_end = .

log_backend_area
                0x0000000010006f08        0x0
                0x0000000010006f08                _log_backend_list_start = .
 *(SORT_BY_NAME(SORT_BY_ALIGNMENT(._log_backend.static.*)))
                0x0000000010006f08                _log_backend_list_end = .

log_link_area   0x0000000010006f08        0x0
                0x0000000010006f08                _log_link_list_start = .
 *(SORT_BY_NAME(SORT_BY_ALIGNMENT(._log_link.static.*)))
                0x0000000010006f08                _log_link_list_end = .

tracing_backend_area
                0x0000000010006f08        0x0
                0x0000000010006f08                _tracing_backend_list_start = .
 *(SORT_BY_NAME(SORT_BY_ALIGNMENT(._tracing_backend.static.*)))
                0x0000000010006f08                _tracing_backend_list_end = .

zephyr_dbg_info
 *(SORT_BY_ALIGNMENT(.dbg_thread_info))

symbol_to_keep  0x0000000010006f08        0x0
                0x0000000010006f08                __symbol_to_keep_start = .
 *(SORT_BY_NAME(SORT_BY_ALIGNMENT(.symbol_to_keep*)))
                0x0000000010006f08                __symbol_to_keep_end = .

shell_area      0x0000000010006f08        0x0
                0x0000000010006f08                _shell_list_start = .
 *(SORT_BY_NAME(SORT_BY_ALIGNMENT(._shell.static.*)))
                0x0000000010006f08                _shell_list_end = .

shell_root_cmds_sections
                0x0000000010006f08        0x0
                0x0000000010006f08                __shell_root_cmds_start = .
 *(SORT_BY_NAME(SORT_BY_ALIGNMENT(.shell_root_cmd_*)))
                0x0000000010006f08                __shell_root_cmds_end = .

shell_subcmds_sections
                0x0000000010006f08        0x0
                0x0000000010006f08                __shell_subcmds_start = .
 *(SORT_BY_NAME(SORT_BY_ALIGNMENT(.shell_subcmd_*)))
                0x0000000010006f08                __shell_subcmds_end = .

shell_dynamic_subcmds_sections
                0x0000000010006f08        0x0
                0x0000000010006f08                __shell_dynamic_subcmds_start = .
 *(SORT_BY_NAME(SORT_BY_ALIGNMENT(.shell_dynamic_subcmd_*)))
                0x0000000010006f08                __shell_dynamic_subcmds_end = .

font_entry_sections
                0x0000000010006f08        0x0
                0x0000000010006f08                __font_entry_start = .
 *(SORT_BY_NAME(SORT_BY_ALIGNMENT(._cfb_font.*)))
                0x0000000010006f08                __font_entry_end = .

rodata          0x0000000010006f08      0xa20
 *(SORT_BY_ALIGNMENT(.rodata))
 *(SORT_BY_ALIGNMENT(.rodata.*))
 .rodata.main_task.str1.4
                0x0000000010006f08       0x87 app/libapp.a(main.c.obj)
 *fill*         0x0000000010006f8f        0x1 
 .rodata.str1.4
                0x0000000010006f90       0x23 app/libapp.a(main.c.obj)
 *fill*         0x0000000010006fb3        0x1 
 .rodata.str1.4
                0x0000000010006fb4       0x11 zephyr/libzephyr.a(cbprintf_packaged.c.obj)
 *fill*         0x0000000010006fc5        0x3 
 .rodata.extract_flags
                0x0000000010006fc8       0x44 zephyr/libzephyr.a(cbprintf_complete.c.obj)
 .rodata.extract_length
                0x000000001000700c       0xbc zephyr/libzephyr.a(cbprintf_complete.c.obj)
 .rodata.store_count
                0x00000000100070c8       0x20 zephyr/libzephyr.a(cbprintf_complete.c.obj)
 .rodata.z_cbvprintf_impl.str1.4
                0x00000000100070e8        0x6 zephyr/libzephyr.a(cbprintf_complete.c.obj)
 *fill*         0x00000000100070ee        0x2 
 .rodata.z_cbvprintf_impl
                0x00000000100070f0      0x150 zephyr/libzephyr.a(cbprintf_complete.c.obj)
 .rodata.static_regions
                0x0000000010007240        0xc zephyr/arch/arch/arm/core/aarch32/mpu/libarch__arm__core__aarch32__mpu.a(arm_core_mpu.c.obj)
 .rodata.str1.4
                0x000000001000724c        0x4 zephyr/arch/arch/arm/core/aarch32/mpu/libarch__arm__core__aarch32__mpu.a(arm_core_mpu.c.obj)
 .rodata._exit.str1.4
                0x0000000010007250        0x6 zephyr/lib/libc/newlib/liblib__libc__newlib.a(libc-hooks.c.obj)
 *fill*         0x0000000010007256        0x2 
 .rodata.mpu_config
                0x0000000010007258        0x8 zephyr/soc/arm/common/cortex_m/libsoc__arm__common__cortex_m.a(arm_mpu_regions.c.obj)
                0x0000000010007258                mpu_config
 .rodata.str1.4
                0x0000000010007260        0xf zephyr/soc/arm/common/cortex_m/libsoc__arm__common__cortex_m.a(arm_mpu_regions.c.obj)
 *fill*         0x000000001000726f        0x1 
 .rodata.mpu_regions
                0x0000000010007270       0x18 zephyr/soc/arm/common/cortex_m/libsoc__arm__common__cortex_m.a(arm_mpu_regions.c.obj)
 .rodata.str1.4
                0x0000000010007288        0x4 zephyr/soc/arm/rpi_pico/rp2/libsoc__arm__rpi_pico__rp2.a(soc.c.obj)
 .rodata.str1.4
                0x000000001000728c        0xe zephyr/drivers/gpio/libdrivers__gpio.a(gpio_rpi_pico.c.obj)
 *fill*         0x000000001000729a        0x2 
 .rodata.gpio_rpi_0_config
                0x000000001000729c        0x8 zephyr/drivers/gpio/libdrivers__gpio.a(gpio_rpi_pico.c.obj)
 .rodata.gpio_rpi_driver_api
                0x00000000100072a4       0x24 zephyr/drivers/gpio/libdrivers__gpio.a(gpio_rpi_pico.c.obj)
 .rodata.str1.4
                0x00000000100072c8        0x4 zephyr/drivers/i2c/libdrivers__i2c.a(i2c_common.c.obj)
 .rodata.str1.4
                0x00000000100072cc       0x27 zephyr/drivers/i2c/libdrivers__i2c.a(i2c_dw.c.obj)
 *fill*         0x00000000100072f3        0x1 
 .rodata.i2c_config_dw_1
                0x00000000100072f4       0x10 zephyr/drivers/i2c/libdrivers__i2c.a(i2c_dw.c.obj)
 .rodata.__pinctrl_dev_config__device_dts_ord_54
                0x0000000010007304        0x8 zephyr/drivers/i2c/libdrivers__i2c.a(i2c_dw.c.obj)
 .rodata.__pinctrl_states__device_dts_ord_54
                0x000000001000730c        0x8 zephyr/drivers/i2c/libdrivers__i2c.a(i2c_dw.c.obj)
 .rodata.__pinctrl_state_pins_0__device_dts_ord_54
                0x0000000010007314        0x8 zephyr/drivers/i2c/libdrivers__i2c.a(i2c_dw.c.obj)
 .rodata.i2c_config_dw_0
                0x000000001000731c       0x10 zephyr/drivers/i2c/libdrivers__i2c.a(i2c_dw.c.obj)
 .rodata.__pinctrl_dev_config__device_dts_ord_38
                0x000000001000732c        0x8 zephyr/drivers/i2c/libdrivers__i2c.a(i2c_dw.c.obj)
 .rodata.__pinctrl_states__device_dts_ord_38
                0x0000000010007334        0x8 zephyr/drivers/i2c/libdrivers__i2c.a(i2c_dw.c.obj)
 .rodata.__pinctrl_state_pins_0__device_dts_ord_38
                0x000000001000733c        0x8 zephyr/drivers/i2c/libdrivers__i2c.a(i2c_dw.c.obj)
 .rodata.funcs  0x0000000010007344       0x18 zephyr/drivers/i2c/libdrivers__i2c.a(i2c_dw.c.obj)
 .rodata.str1.4
                0x000000001000735c       0x13 zephyr/drivers/sensor/ec2023/libdrivers__sensor__ec2023.a(ec2023.c.obj)
 *fill*         0x000000001000736f        0x1 
 .rodata.ec2023_config_0
                0x0000000010007370        0x8 zephyr/drivers/sensor/ec2023/libdrivers__sensor__ec2023.a(ec2023.c.obj)
 .rodata.ec2023_driver_api
                0x0000000010007378       0x14 zephyr/drivers/sensor/ec2023/libdrivers__sensor__ec2023.a(ec2023.c.obj)
 .rodata.str1.4
                0x000000001000738c        0xe zephyr/drivers/serial/libdrivers__serial.a(uart_rpi_pico.c.obj)
 *fill*         0x000000001000739a        0x2 
 .rodata.uart0_rpi_config
                0x000000001000739c       0x18 zephyr/drivers/serial/libdrivers__serial.a(uart_rpi_pico.c.obj)
 .rodata.__pinctrl_dev_config__device_dts_ord_44
                0x00000000100073b4        0x8 zephyr/drivers/serial/libdrivers__serial.a(uart_rpi_pico.c.obj)
 .rodata.__pinctrl_states__device_dts_ord_44
                0x00000000100073bc        0x8 zephyr/drivers/serial/libdrivers__serial.a(uart_rpi_pico.c.obj)
 .rodata.__pinctrl_state_pins_0__device_dts_ord_44
                0x00000000100073c4        0x8 zephyr/drivers/serial/libdrivers__serial.a(uart_rpi_pico.c.obj)
 .rodata.uart_rpi_driver_api
                0x00000000100073cc       0x4c zephyr/drivers/serial/libdrivers__serial.a(uart_rpi_pico.c.obj)
 .rodata.str1.4
                0x0000000010007418       0x1a zephyr/drivers/reset/libdrivers__reset.a(reset_rpi_pico.c.obj)
 *fill*         0x0000000010007432        0x2 
 .rodata.reset_rpi_config_0
                0x0000000010007434        0xc zephyr/drivers/reset/libdrivers__reset.a(reset_rpi_pico.c.obj)
 .rodata.reset_rpi_driver_api
                0x0000000010007440       0x10 zephyr/drivers/reset/libdrivers__reset.a(reset_rpi_pico.c.obj)
 .rodata.clock_configure.str1.4
                0x0000000010007450       0x5d modules/hal_rpi_pico/libmodules__hal_rpi_pico.a(clocks.c.obj)
 *fill*         0x00000000100074ad        0x3 
 .rodata.__func__.1
                0x00000000100074b0       0x10 modules/hal_rpi_pico/libmodules__hal_rpi_pico.a(clocks.c.obj)
 .rodata.pll_init.str1.4
                0x00000000100074c0       0xdf modules/hal_rpi_pico/libmodules__hal_rpi_pico.a(pll.c.obj)
 *fill*         0x000000001000759f        0x1 
 .rodata.__func__.0
                0x00000000100075a0        0x9 modules/hal_rpi_pico/libmodules__hal_rpi_pico.a(pll.c.obj)
 *fill*         0x00000000100075a9        0x3 
 .rodata._k_neg_eagain
                0x00000000100075ac        0x4 zephyr/kernel/libkernel.a(errno.c.obj)
                0x00000000100075ac                _k_neg_eagain
 .rodata.prepare_multithreading.str1.4
                0x00000000100075b0        0x5 zephyr/kernel/libkernel.a(init.c.obj)
 *fill*         0x00000000100075b5        0x3 
 .rodata.levels.0
                0x00000000100075b8       0x18 zephyr/kernel/libkernel.a(init.c.obj)
 .rodata.str1.4
                0x00000000100075d0        0x3 zephyr/kernel/libkernel.a(init.c.obj)
 *fill*         0x00000000100075d3        0x1 
 .rodata.boot_banner.str1.4
                0x00000000100075d4       0x42 zephyr/kernel/libkernel.a(banner.c.obj)
 *fill*         0x0000000010007616        0x2 
 .rodata.__assert_func.str1.4
                0x0000000010007618       0x3f D:/Uppsala/ZephyrProjects/zephyr-sdk-0.15.2/arm-zephyr-eabi/arm-zephyr-eabi/lib/thumb/v6-m/nofp\libc.a(lib_a-assert.o)
                                         0x43 (size before relaxing)
 *fill*         0x0000000010007657        0x1 
 .rodata._ctype_
                0x0000000010007658      0x101 D:/Uppsala/ZephyrProjects/zephyr-sdk-0.15.2/arm-zephyr-eabi/arm-zephyr-eabi/lib/thumb/v6-m/nofp\libc.a(lib_a-ctype_.o)
                0x0000000010007658                _ctype_
 *fill*         0x0000000010007759        0x3 
 .rodata._vfiprintf_r.str1.4
                0x000000001000775c       0x2f D:/Uppsala/ZephyrProjects/zephyr-sdk-0.15.2/arm-zephyr-eabi/arm-zephyr-eabi/lib/thumb/v6-m/nofp\libc.a(lib_a-vfiprintf.o)
 *fill*         0x000000001000778b        0x1 
 .rodata._vfiprintf_r
                0x000000001000778c      0x16c D:/Uppsala/ZephyrProjects/zephyr-sdk-0.15.2/arm-zephyr-eabi/arm-zephyr-eabi/lib/thumb/v6-m/nofp\libc.a(lib_a-vfiprintf.o)
 .rodata.zeroes.0
                0x00000000100078f8       0x10 D:/Uppsala/ZephyrProjects/zephyr-sdk-0.15.2/arm-zephyr-eabi/arm-zephyr-eabi/lib/thumb/v6-m/nofp\libc.a(lib_a-vfiprintf.o)
 .rodata.blanks.1
                0x0000000010007908       0x10 D:/Uppsala/ZephyrProjects/zephyr-sdk-0.15.2/arm-zephyr-eabi/arm-zephyr-eabi/lib/thumb/v6-m/nofp\libc.a(lib_a-vfiprintf.o)
 .rodata._setlocale_r.str1.4
                0x0000000010007918        0xa D:/Uppsala/ZephyrProjects/zephyr-sdk-0.15.2/arm-zephyr-eabi/arm-zephyr-eabi/lib/thumb/v6-m/nofp\libc.a(lib_a-locale.o)
                                          0xd (size before relaxing)
 *fill*         0x0000000010007922        0x2 
 .rodata.str1.4
                0x0000000010007924        0x2 D:/Uppsala/ZephyrProjects/zephyr-sdk-0.15.2/arm-zephyr-eabi/arm-zephyr-eabi/lib/thumb/v6-m/nofp\libc.a(lib_a-locale.o)
 *(SORT_BY_ALIGNMENT(.gnu.linkonce.r.*))
                0x0000000010007928                . = ALIGN (0x4)
 *fill*         0x0000000010007926        0x2 
                0x0000000010007928                __rodata_region_end = .
                0x0000000010007a00                . = ALIGN (_region_min_align)
                0x0000000010008000                . = ALIGN ((0x1 << ((__rodata_region_end - ADDR (rom_start)) <= 0x4)?0x2:((__rodata_region_end - ADDR (rom_start)) <= 0x8)?0x3:((__rodata_region_end - ADDR (rom_start)) <= 0x10)?0x4:((__rodata_region_end - ADDR (rom_start)) <= 0x20)?0x5:((__rodata_region_end - ADDR (rom_start)) <= 0x40)?0x6:((__rodata_region_end - ADDR (rom_start)) <= 0x80)?0x7:((__rodata_region_end - ADDR (rom_start)) <= 0x100)?0x8:((__rodata_region_end - ADDR (rom_start)) <= 0x200)?0x9:((__rodata_region_end - ADDR (rom_start)) <= 0x400)?0xa:((__rodata_region_end - ADDR (rom_start)) <= 0x800)?0xb:((__rodata_region_end - ADDR (rom_start)) <= 0x1000)?0xc:((__rodata_region_end - ADDR (rom_start)) <= 0x2000)?0xd:((__rodata_region_end - ADDR (rom_start)) <= 0x4000)?0xe:((__rodata_region_end - ADDR (rom_start)) <= 0x8000)?0xf:((__rodata_region_end - ADDR (rom_start)) <= 0x10000)?0x10:((__rodata_region_end - ADDR (rom_start)) <= 0x20000)?0x11:((__rodata_region_end - ADDR (rom_start)) <= 0x40000)?0x12:((__rodata_region_end - ADDR (rom_start)) <= 0x80000)?0x13:((__rodata_region_end - ADDR (rom_start)) <= 0x100000)?0x14:((__rodata_region_end - ADDR (rom_start)) <= 0x200000)?0x15:((__rodata_region_end - ADDR (rom_start)) <= 0x400000)?0x16:((__rodata_region_end - ADDR (rom_start)) <= 0x800000)?0x17:((__rodata_region_end - ADDR (rom_start)) <= 0x1000000)?0x18:((__rodata_region_end - ADDR (rom_start)) <= 0x2000000)?0x19:((__rodata_region_end - ADDR (rom_start)) <= 0x4000000)?0x1a:((__rodata_region_end - ADDR (rom_start)) <= 0x8000000)?0x1b:((__rodata_region_end - ADDR (rom_start)) <= 0x10000000)?0x1c:((__rodata_region_end - ADDR (rom_start)) <= 0x20000000)?0x1d:((__rodata_region_end - ADDR (rom_start)) <= 0x40000000)?0x1e:((__rodata_region_end - ADDR (rom_start)) <= 0x80000000)?0x1f:0x20))
                0x0000000010008000                __rom_region_end = ((__rom_region_start + .) - ADDR (rom_start))

/DISCARD/
 *(SORT_BY_ALIGNMENT(.got.plt))
 *(SORT_BY_ALIGNMENT(.igot.plt))
 *(SORT_BY_ALIGNMENT(.got))
 *(SORT_BY_ALIGNMENT(.igot))
                0x0000000020000000                . = 0x20000000
                0x0000000020000000                . = ALIGN (_region_min_align)
                0x0000000020000000                _image_ram_start = .

.ramfunc        0x0000000020000000        0x0 load address 0x0000000010007928
                0x0000000020000000                . = ALIGN (_region_min_align)
                0x0000000020000000                . = ALIGN ((0x1 << (__ramfunc_size <= 0x4)?0x2:(__ramfunc_size <= 0x8)?0x3:(__ramfunc_size <= 0x10)?0x4:(__ramfunc_size <= 0x20)?0x5:(__ramfunc_size <= 0x40)?0x6:(__ramfunc_size <= 0x80)?0x7:(__ramfunc_size <= 0x100)?0x8:(__ramfunc_size <= 0x200)?0x9:(__ramfunc_size <= 0x400)?0xa:(__ramfunc_size <= 0x800)?0xb:(__ramfunc_size <= 0x1000)?0xc:(__ramfunc_size <= 0x2000)?0xd:(__ramfunc_size <= 0x4000)?0xe:(__ramfunc_size <= 0x8000)?0xf:(__ramfunc_size <= 0x10000)?0x10:(__ramfunc_size <= 0x20000)?0x11:(__ramfunc_size <= 0x40000)?0x12:(__ramfunc_size <= 0x80000)?0x13:(__ramfunc_size <= 0x100000)?0x14:(__ramfunc_size <= 0x200000)?0x15:(__ramfunc_size <= 0x400000)?0x16:(__ramfunc_size <= 0x800000)?0x17:(__ramfunc_size <= 0x1000000)?0x18:(__ramfunc_size <= 0x2000000)?0x19:(__ramfunc_size <= 0x4000000)?0x1a:(__ramfunc_size <= 0x8000000)?0x1b:(__ramfunc_size <= 0x10000000)?0x1c:(__ramfunc_size <= 0x20000000)?0x1d:(__ramfunc_size <= 0x40000000)?0x1e:(__ramfunc_size <= 0x80000000)?0x1f:0x20))
                0x0000000020000000                __ramfunc_start = .
 *(SORT_BY_ALIGNMENT(.ramfunc))
 *(SORT_BY_ALIGNMENT(.ramfunc.*))
                0x0000000020000000                . = ALIGN (_region_min_align)
                0x0000000020000000                . = ALIGN ((0x1 << (__ramfunc_size <= 0x4)?0x2:(__ramfunc_size <= 0x8)?0x3:(__ramfunc_size <= 0x10)?0x4:(__ramfunc_size <= 0x20)?0x5:(__ramfunc_size <= 0x40)?0x6:(__ramfunc_size <= 0x80)?0x7:(__ramfunc_size <= 0x100)?0x8:(__ramfunc_size <= 0x200)?0x9:(__ramfunc_size <= 0x400)?0xa:(__ramfunc_size <= 0x800)?0xb:(__ramfunc_size <= 0x1000)?0xc:(__ramfunc_size <= 0x2000)?0xd:(__ramfunc_size <= 0x4000)?0xe:(__ramfunc_size <= 0x8000)?0xf:(__ramfunc_size <= 0x10000)?0x10:(__ramfunc_size <= 0x20000)?0x11:(__ramfunc_size <= 0x40000)?0x12:(__ramfunc_size <= 0x80000)?0x13:(__ramfunc_size <= 0x100000)?0x14:(__ramfunc_size <= 0x200000)?0x15:(__ramfunc_size <= 0x400000)?0x16:(__ramfunc_size <= 0x800000)?0x17:(__ramfunc_size <= 0x1000000)?0x18:(__ramfunc_size <= 0x2000000)?0x19:(__ramfunc_size <= 0x4000000)?0x1a:(__ramfunc_size <= 0x8000000)?0x1b:(__ramfunc_size <= 0x10000000)?0x1c:(__ramfunc_size <= 0x20000000)?0x1d:(__ramfunc_size <= 0x40000000)?0x1e:(__ramfunc_size <= 0x80000000)?0x1f:0x20))
                0x0000000020000000                __ramfunc_end = .
                0x0000000000000000                __ramfunc_size = (__ramfunc_end - __ramfunc_start)
                0x0000000010007928                __ramfunc_load_start = LOADADDR (.ramfunc)

datas           0x0000000020000000      0x854 load address 0x0000000010007928
                0x0000000020000000                __data_region_start = .
                0x0000000020000000                __data_start = .
 *(SORT_BY_ALIGNMENT(.data))
 *(SORT_BY_ALIGNMENT(.data.*))
 .data.impure_data
                0x0000000020000000      0x290 D:/Uppsala/ZephyrProjects/zephyr-sdk-0.15.2/arm-zephyr-eabi/arm-zephyr-eabi/lib/thumb/v6-m/nofp\libc.a(lib_a-impure.o)
 .data.__malloc_av_
                0x0000000020000290      0x408 D:/Uppsala/ZephyrProjects/zephyr-sdk-0.15.2/arm-zephyr-eabi/arm-zephyr-eabi/lib/thumb/v6-m/nofp\libc.a(lib_a-mallocr.o)
                0x0000000020000290                __malloc_av_
 .data.soil_led
                0x0000000020000698        0x8 app/libapp.a(main.c.obj)
                0x0000000020000698                soil_led
 .data.soil_intr
                0x00000000200006a0        0x8 app/libapp.a(main.c.obj)
                0x00000000200006a0                soil_intr
 .data.aq_led   0x00000000200006a8        0x8 app/libapp.a(main.c.obj)
                0x00000000200006a8                aq_led
 .data.status   0x00000000200006b0        0x8 app/libapp.a(main.c.obj)
                0x00000000200006b0                status
 .data._char_out
                0x00000000200006b8        0x4 zephyr/libzephyr.a(printk.c.obj)
                0x00000000200006b8                _char_out
 .data._stdin_hook
                0x00000000200006bc        0x4 zephyr/lib/libc/newlib/liblib__libc__newlib.a(libc-hooks.c.obj)
 .data._stdout_hook
                0x00000000200006c0        0x4 zephyr/lib/libc/newlib/liblib__libc__newlib.a(libc-hooks.c.obj)
 .data.uart0_rpi_data
                0x00000000200006c4       0x10 zephyr/drivers/serial/libdrivers__serial.a(uart_rpi_pico.c.obj)
 .data.timeout_list
                0x00000000200006d4        0x8 zephyr/kernel/libkernel.a(timeout.c.obj)
 .data._impure_ptr
                0x00000000200006dc        0x4 D:/Uppsala/ZephyrProjects/zephyr-sdk-0.15.2/arm-zephyr-eabi/arm-zephyr-eabi/lib/thumb/v6-m/nofp\libc.a(lib_a-impure.o)
                0x00000000200006dc                _impure_ptr
 .data.__malloc_sbrk_base
                0x00000000200006e0        0x4 D:/Uppsala/ZephyrProjects/zephyr-sdk-0.15.2/arm-zephyr-eabi/arm-zephyr-eabi/lib/thumb/v6-m/nofp\libc.a(lib_a-mallocr.o)
                0x00000000200006e0                __malloc_sbrk_base
 .data.__malloc_trim_threshold